Archive member included to satisfy reference by file (symbol)

C:\Users\HP\Documents\MCUXpressoIDE_11.8.1_1197\workspace\CMSISv2p00_LPC17xx\Debug\libCMSISv2p00_LPC17xx.a(system_LPC17xx.o)
                              ./src/cr_startup_lpc175x_6x.o (SystemInit)
C:\Users\HP\Documents\MCUXpressoIDE_11.8.1_1197\workspace\CMSISv2p00_LPC17xx\Debug\libCMSISv2p00_LPC17xx.a(lpc17xx_adc.o)
                              ./src/TP_FINAL.o (ADC_Init)
C:\Users\HP\Documents\MCUXpressoIDE_11.8.1_1197\workspace\CMSISv2p00_LPC17xx\Debug\libCMSISv2p00_LPC17xx.a(lpc17xx_clkpwr.o)
                              C:\Users\HP\Documents\MCUXpressoIDE_11.8.1_1197\workspace\CMSISv2p00_LPC17xx\Debug\libCMSISv2p00_LPC17xx.a(lpc17xx_adc.o) (CLKPWR_GetPCLK)
C:\Users\HP\Documents\MCUXpressoIDE_11.8.1_1197\workspace\CMSISv2p00_LPC17xx\Debug\libCMSISv2p00_LPC17xx.a(lpc17xx_dac.o)
                              ./src/TP_FINAL.o (DAC_Init)
C:\Users\HP\Documents\MCUXpressoIDE_11.8.1_1197\workspace\CMSISv2p00_LPC17xx\Debug\libCMSISv2p00_LPC17xx.a(lpc17xx_gpdma.o)
                              ./src/TP_FINAL.o (GPDMA_Init)
C:\Users\HP\Documents\MCUXpressoIDE_11.8.1_1197\workspace\CMSISv2p00_LPC17xx\Debug\libCMSISv2p00_LPC17xx.a(lpc17xx_libcfg_default.o)
                              C:\Users\HP\Documents\MCUXpressoIDE_11.8.1_1197\workspace\CMSISv2p00_LPC17xx\Debug\libCMSISv2p00_LPC17xx.a(lpc17xx_adc.o) (check_failed)
C:\Users\HP\Documents\MCUXpressoIDE_11.8.1_1197\workspace\CMSISv2p00_LPC17xx\Debug\libCMSISv2p00_LPC17xx.a(lpc17xx_pinsel.o)
                              ./src/TP_FINAL.o (PINSEL_ConfigPin)
C:\Users\HP\Documents\MCUXpressoIDE_11.8.1_1197\workspace\CMSISv2p00_LPC17xx\Debug\libCMSISv2p00_LPC17xx.a(lpc17xx_timer.o)
                              ./src/TP_FINAL.o (TIM_Init)
C:\Users\HP\Documents\MCUXpressoIDE_11.8.1_1197\workspace\CMSISv2p00_LPC17xx\Debug\libCMSISv2p00_LPC17xx.a(lpc17xx_uart.o)
                              ./src/TP_FINAL.o (UART_Init)
c:/nxp/mcuxpressoide_11.8.1_1197/ide/plugins/com.nxp.mcuxpresso.tools.win32_11.8.1.202308071233/tools/bin/../lib/gcc/arm-none-eabi/12.2.1/../../../../arm-none-eabi/lib/thumb/v7-m/nofp\libcr_c.a(__weak__main.o)
                              ./src/cr_startup_lpc175x_6x.o (__main)
c:/nxp/mcuxpressoide_11.8.1_1197/ide/plugins/com.nxp.mcuxpresso.tools.win32_11.8.1.202308071233/tools/bin/../lib/gcc/arm-none-eabi/12.2.1/../../../../arm-none-eabi/lib/thumb/v7-m/nofp\libcr_c.a(itoa.o)
                              ./src/TP_FINAL.o (uitoa)
c:/nxp/mcuxpressoide_11.8.1_1197/ide/plugins/com.nxp.mcuxpresso.tools.win32_11.8.1.202308071233/tools/bin/../lib/gcc/arm-none-eabi/12.2.1/thumb/v7-m/nofp\libcr_eabihelpers.a(division_64.o)
                              C:\Users\HP\Documents\MCUXpressoIDE_11.8.1_1197\workspace\CMSISv2p00_LPC17xx\Debug\libCMSISv2p00_LPC17xx.a(system_LPC17xx.o) (__aeabi_ldivmod)
c:/nxp/mcuxpressoide_11.8.1_1197/ide/plugins/com.nxp.mcuxpresso.tools.win32_11.8.1.202308071233/tools/bin/../lib/gcc/arm-none-eabi/12.2.1/thumb/v7-m/nofp\libcr_eabihelpers.a(division_idiv0.o)
                              c:/nxp/mcuxpressoide_11.8.1_1197/ide/plugins/com.nxp.mcuxpresso.tools.win32_11.8.1.202308071233/tools/bin/../lib/gcc/arm-none-eabi/12.2.1/thumb/v7-m/nofp\libcr_eabihelpers.a(division_64.o) (__aeabi_idiv0)
c:/nxp/mcuxpressoide_11.8.1_1197/ide/plugins/com.nxp.mcuxpresso.tools.win32_11.8.1.202308071233/tools/bin/../lib/gcc/arm-none-eabi/12.2.1/thumb/v7-m/nofp\libcr_eabihelpers.a(float.o)
                              ./src/TP_FINAL.o (__aeabi_fmul)

Discarded input sections

 .group         0x00000000        0xc ./src/TP_FINAL.o
 .group         0x00000000        0xc ./src/TP_FINAL.o
 .group         0x00000000        0xc ./src/TP_FINAL.o
 .group         0x00000000        0xc ./src/TP_FINAL.o
 .group         0x00000000        0xc ./src/TP_FINAL.o
 .group         0x00000000        0xc ./src/TP_FINAL.o
 .group         0x00000000        0xc ./src/TP_FINAL.o
 .group         0x00000000        0xc ./src/TP_FINAL.o
 .group         0x00000000        0xc ./src/TP_FINAL.o
 .group         0x00000000        0xc ./src/TP_FINAL.o
 .group         0x00000000        0xc ./src/TP_FINAL.o
 .group         0x00000000        0xc ./src/TP_FINAL.o
 .group         0x00000000        0xc ./src/TP_FINAL.o
 .group         0x00000000        0xc ./src/TP_FINAL.o
 .group         0x00000000        0xc ./src/TP_FINAL.o
 .group         0x00000000        0xc ./src/TP_FINAL.o
 .group         0x00000000        0xc ./src/TP_FINAL.o
 .group         0x00000000        0xc ./src/TP_FINAL.o
 .text          0x00000000        0x0 ./src/TP_FINAL.o
 .data          0x00000000        0x0 ./src/TP_FINAL.o
 .bss           0x00000000        0x0 ./src/TP_FINAL.o
 .bss.cclk      0x00000000        0x4 ./src/TP_FINAL.o
 .group         0x00000000        0xc ./src/cr_startup_lpc175x_6x.o
 .text          0x00000000        0x0 ./src/cr_startup_lpc175x_6x.o
[...]
Memory Configuration

Name             Origin             Length             Attributes
MFlash512        0x00000000         0x00080000         xr
RamLoc32         0x10000000         0x00008000         xrw
RamAHB32         0x2007c000         0x00008000         xrw
*default*        0x00000000         0xffffffff

Linker script and memory map

LOAD ./src/TP_FINAL.o
LOAD ./src/cr_startup_lpc175x_6x.o
LOAD ./src/crp.o
LOAD C:\Users\HP\Documents\MCUXpressoIDE_11.8.1_1197\workspace\CMSISv2p00_LPC17xx\Debug\libCMSISv2p00_LPC17xx.a
START GROUP
LOAD c:/nxp/mcuxpressoide_11.8.1_1197/ide/plugins/com.nxp.mcuxpresso.tools.win32_11.8.1.202308071233/tools/bin/../lib/gcc/arm-none-eabi/12.2.1/../../../../arm-none-eabi/lib/thumb/v7-m/nofp\libcr_c.a
LOAD c:/nxp/mcuxpressoide_11.8.1_1197/ide/plugins/com.nxp.mcuxpresso.tools.win32_11.8.1.202308071233/tools/bin/../lib/gcc/arm-none-eabi/12.2.1/thumb/v7-m/nofp\libcr_eabihelpers.a
LOAD c:/nxp/mcuxpressoide_11.8.1_1197/ide/plugins/com.nxp.mcuxpresso.tools.win32_11.8.1.202308071233/tools/bin/../lib/gcc/arm-none-eabi/12.2.1/thumb/v7-m/nofp\libgcc.a
END GROUP
                0x00000000                __base_MFlash512 = 0x0
                0x00000000                __base_Flash = 0x0
                0x00080000                __top_MFlash512 = 0x80000
                0x00080000                __top_Flash = 0x80000
                0x10000000                __base_RamLoc32 = 0x10000000
                0x10000000                __base_RAM = 0x10000000
                0x10008000                __top_RamLoc32 = 0x10008000
                0x10008000                __top_RAM = 0x10008000
                0x2007c000                __base_RamAHB32 = 0x2007c000
                0x2007c000                __base_RAM2 = 0x2007c000
                0x20084000                __top_RamAHB32 = 0x20084000
                0x20084000                __top_RAM2 = 0x20084000

.text           0x00000000     0x1d98
 FILL mask 0xff
                0x00000000                __vectors_start__ = ABSOLUTE (.)
 *(.isr_vector)
 .isr_vector    0x00000000       0xcc ./src/cr_startup_lpc175x_6x.o
                0x00000000                g_pfnVectors
                0x000000cc                . = ALIGN (0x4)
                0x000000cc                __section_table_start = .
                0x000000cc                __data_section_table = .
                0x000000cc        0x4 LONG 0x1d98 LOADADDR (.data)
                0x000000d0        0x4 LONG 0x10000000 ADDR (.data)
                0x000000d4        0x4 LONG 0xf4 SIZEOF (.data)
                0x000000d8        0x4 LONG 0x1d98 LOADADDR (.data_RAM2)
                0x000000dc        0x4 LONG 0x2007c000 ADDR (.data_RAM2)
                0x000000e0        0x4 LONG 0x0 SIZEOF (.data_RAM2)
                0x000000e4                __data_section_table_end = .
                0x000000e4                __bss_section_table = .
                0x000000e4        0x4 LONG 0x100000f4 ADDR (.bss)
                0x000000e8        0x4 LONG 0x60 SIZEOF (.bss)
                0x000000ec        0x4 LONG 0x2007c000 ADDR (.bss_RAM2)
                0x000000f0        0x4 LONG 0x0 SIZEOF (.bss_RAM2)
                0x000000f4                __bss_section_table_end = .
                0x000000f4                __section_table_end = .
 *(.after_vectors*)
 .after_vectors
                0x000000f4      0x148 ./src/cr_startup_lpc175x_6x.o
                0x000000f4                data_init
                0x00000138                bss_init
                0x00000170                ResetISR
                0x000001ec                NMI_Handler
                0x000001f4                HardFault_Handler
                0x000001fc                MemManage_Handler
                0x00000204                BusFault_Handler
                0x0000020c                UsageFault_Handler
                0x00000214                SVC_Handler
                0x0000021c                DebugMon_Handler
                0x00000224                PendSV_Handler
                0x00000234                UART1_IRQHandler
                0x00000234                EINT3_IRQHandler
                0x00000234                CANActivity_IRQHandler
                0x00000234                TIMER3_IRQHandler
                0x00000234                USBActivity_IRQHandler
                0x00000234                EINT2_IRQHandler
                0x00000234                IntDefaultHandler
                0x00000234                PLL0_IRQHandler
                0x00000234                CAN_IRQHandler
                0x00000234                I2C0_IRQHandler
                0x00000234                SSP0_IRQHandler
                0x00000234                I2C1_IRQHandler
                0x00000234                I2C2_IRQHandler
                0x00000234                RTC_IRQHandler
                0x00000234                TIMER0_IRQHandler
                0x00000234                SPI_IRQHandler
                0x00000234                RIT_IRQHandler
                0x00000234                EINT1_IRQHandler
                0x00000234                TIMER1_IRQHandler
                0x00000234                UART2_IRQHandler
                0x00000234                ADC_IRQHandler
                0x00000234                SSP1_IRQHandler
                0x00000234                USB_IRQHandler
                0x00000234                BOD_IRQHandler
                0x00000234                PWM1_IRQHandler
                0x00000234                WDT_IRQHandler
                0x00000234                I2S_IRQHandler
                0x00000234                QEI_IRQHandler
                0x00000234                EINT0_IRQHandler
                0x00000234                PLL1_IRQHandler
                0x00000234                DMA_IRQHandler
                0x00000234                TIMER2_IRQHandler
                0x00000234                UART3_IRQHandler
                0x00000234                MCPWM_IRQHandler
                0x00000234                ENET_IRQHandler
                0x000002fc                . = 0x2fc
 *fill*         0x0000023c       0xc0 ff
                0x000002fc                PROVIDE (__CRP_WORD_START__ = .)
 *(.crp)
 .crp           0x000002fc        0x4 ./src/crp.o
                0x000002fc                CRP_WORD
                0x00000300                PROVIDE (__CRP_WORD_END__ = .)
                0x00000001                ASSERT (! ((__CRP_WORD_START__ == __CRP_WORD_END__)), Linker CRP Enabled, but no CRP_WORD provided within application)
 *(.text*)
 .text.NVIC_EnableIRQ
                0x00000300       0x30 ./src/TP_FINAL.o
 .text.main     0x00000330       0x30 ./src/TP_FINAL.o
                0x00000330                main
 .text.PWM_Init
                0x00000360       0x80 ./src/TP_FINAL.o
                0x00000360                PWM_Init
 .text.configDAC
                0x000003e0       0x54 ./src/TP_FINAL.o
                0x000003e0                configDAC
 .text.configSensor
                0x00000434       0x28 ./src/TP_FINAL.o
                0x00000434                configSensor
 .text.configSysTick
                0x0000045c       0x28 ./src/TP_FINAL.o
                0x0000045c                configSysTick
 .text.configDMA
                0x00000484       0x74 ./src/TP_FINAL.o
                0x00000484                configDMA
 .text.configTimer
                0x000004f8       0x58 ./src/TP_FINAL.o
                0x000004f8                configTimer
 .text.configADC
                0x00000550       0x54 ./src/TP_FINAL.o
                0x00000550                configADC
 .text.configUART
                0x000005a4       0x98 ./src/TP_FINAL.o
                0x000005a4                configUART
 .text.setPWM   0x0000063c       0x28 ./src/TP_FINAL.o
                0x0000063c                setPWM
 .text.sendTriggerPulse
                0x00000664       0x40 ./src/TP_FINAL.o
                0x00000664                sendTriggerPulse
 .text.measureEchoPulse
                0x000006a4       0x3c ./src/TP_FINAL.o
                0x000006a4                measureEchoPulse
 .text.medirDistancia
                0x000006e0      0x144 ./src/TP_FINAL.o
                0x000006e0                medirDistancia
 .text.send_data
                0x00000824       0x74 ./src/TP_FINAL.o
                0x00000824                send_data
 .text.SysTick_Handler
                0x00000898       0xcc ./src/TP_FINAL.o
                0x00000898                SysTick_Handler
 .text.UART0_IRQHandler
                0x00000964      0x110 ./src/TP_FINAL.o
                0x00000964                UART0_IRQHandler
 .text.SystemInit
                0x00000a74       0xd8 C:\Users\HP\Documents\MCUXpressoIDE_11.8.1_1197\workspace\CMSISv2p00_LPC17xx\Debug\libCMSISv2p00_LPC17xx.a(system_LPC17xx.o)
                0x00000a74                SystemInit
 .text.ADC_Init
                0x00000b4c       0x58 C:\Users\HP\Documents\MCUXpressoIDE_11.8.1_1197\workspace\CMSISv2p00_LPC17xx\Debug\libCMSISv2p00_LPC17xx.a(lpc17xx_adc.o)
                0x00000b4c                ADC_Init
 .text.ADC_StartCmd
                0x00000ba4       0x3c C:\Users\HP\Documents\MCUXpressoIDE_11.8.1_1197\workspace\CMSISv2p00_LPC17xx\Debug\libCMSISv2p00_LPC17xx.a(lpc17xx_adc.o)
                0x00000ba4                ADC_StartCmd
 .text.ADC_EdgeStartConfig
                0x00000be0       0x48 C:\Users\HP\Documents\MCUXpressoIDE_11.8.1_1197\workspace\CMSISv2p00_LPC17xx\Debug\libCMSISv2p00_LPC17xx.a(lpc17xx_adc.o)
                0x00000be0                ADC_EdgeStartConfig
 .text.ADC_ChannelCmd
                0x00000c28       0x34 C:\Users\HP\Documents\MCUXpressoIDE_11.8.1_1197\workspace\CMSISv2p00_LPC17xx\Debug\libCMSISv2p00_LPC17xx.a(lpc17xx_adc.o)
                0x00000c28                ADC_ChannelCmd
 .text.ADC_ChannelGetData
                0x00000c5c       0x28 C:\Users\HP\Documents\MCUXpressoIDE_11.8.1_1197\workspace\CMSISv2p00_LPC17xx\Debug\libCMSISv2p00_LPC17xx.a(lpc17xx_adc.o)
                0x00000c5c                ADC_ChannelGetData
 .text.CLKPWR_SetPCLKDiv
                0x00000c84       0x4c C:\Users\HP\Documents\MCUXpressoIDE_11.8.1_1197\workspace\CMSISv2p00_LPC17xx\Debug\libCMSISv2p00_LPC17xx.a(lpc17xx_clkpwr.o)
                0x00000c84                CLKPWR_SetPCLKDiv
 .text.CLKPWR_GetPCLKSEL
                0x00000cd0       0x20 C:\Users\HP\Documents\MCUXpressoIDE_11.8.1_1197\workspace\CMSISv2p00_LPC17xx\Debug\libCMSISv2p00_LPC17xx.a(lpc17xx_clkpwr.o)
                0x00000cd0                CLKPWR_GetPCLKSEL
 .text.CLKPWR_GetPCLK
                0x00000cf0       0x20 C:\Users\HP\Documents\MCUXpressoIDE_11.8.1_1197\workspace\CMSISv2p00_LPC17xx\Debug\libCMSISv2p00_LPC17xx.a(lpc17xx_clkpwr.o)
                0x00000cf0                CLKPWR_GetPCLK
 .text.CLKPWR_ConfigPPWR
                0x00000d10       0x34 C:\Users\HP\Documents\MCUXpressoIDE_11.8.1_1197\workspace\CMSISv2p00_LPC17xx\Debug\libCMSISv2p00_LPC17xx.a(lpc17xx_clkpwr.o)
                0x00000d10                CLKPWR_ConfigPPWR
 .text.DAC_Init
                0x00000d44       0x24 C:\Users\HP\Documents\MCUXpressoIDE_11.8.1_1197\workspace\CMSISv2p00_LPC17xx\Debug\libCMSISv2p00_LPC17xx.a(lpc17xx_dac.o)
                0x00000d44                DAC_Init
 .text.DAC_ConfigDAConverterControl
                0x00000d68       0x4c C:\Users\HP\Documents\MCUXpressoIDE_11.8.1_1197\workspace\CMSISv2p00_LPC17xx\Debug\libCMSISv2p00_LPC17xx.a(lpc17xx_dac.o)
                0x00000d68                DAC_ConfigDAConverterControl
 .text.DAC_SetDMATimeOut
                0x00000db4       0x24 C:\Users\HP\Documents\MCUXpressoIDE_11.8.1_1197\workspace\CMSISv2p00_LPC17xx\Debug\libCMSISv2p00_LPC17xx.a(lpc17xx_dac.o)
                0x00000db4                DAC_SetDMATimeOut
 .text.GPDMA_Init
                0x00000dd8       0x38 C:\Users\HP\Documents\MCUXpressoIDE_11.8.1_1197\workspace\CMSISv2p00_LPC17xx\Debug\libCMSISv2p00_LPC17xx.a(lpc17xx_gpdma.o)
                0x00000dd8                GPDMA_Init
 .text.GPDMA_Setup
                0x00000e10      0x1d4 C:\Users\HP\Documents\MCUXpressoIDE_11.8.1_1197\workspace\CMSISv2p00_LPC17xx\Debug\libCMSISv2p00_LPC17xx.a(lpc17xx_gpdma.o)
                0x00000e10                GPDMA_Setup
 .text.GPDMA_ChannelCmd
                0x00000fe4       0x1c C:\Users\HP\Documents\MCUXpressoIDE_11.8.1_1197\workspace\CMSISv2p00_LPC17xx\Debug\libCMSISv2p00_LPC17xx.a(lpc17xx_gpdma.o)
                0x00000fe4                GPDMA_ChannelCmd
 .text.check_failed
                0x00001000        0x2 C:\Users\HP\Documents\MCUXpressoIDE_11.8.1_1197\workspace\CMSISv2p00_LPC17xx\Debug\libCMSISv2p00_LPC17xx.a(lpc17xx_libcfg_default.o)
                0x00001000                check_failed
 *fill*         0x00001002        0x2 ff
 .text.PINSEL_ConfigPin
                0x00001004       0x7c C:\Users\HP\Documents\MCUXpressoIDE_11.8.1_1197\workspace\CMSISv2p00_LPC17xx\Debug\libCMSISv2p00_LPC17xx.a(lpc17xx_pinsel.o)
                0x00001004                PINSEL_ConfigPin
 .text.TIM_Init
                0x00001080      0x158 C:\Users\HP\Documents\MCUXpressoIDE_11.8.1_1197\workspace\CMSISv2p00_LPC17xx\Debug\libCMSISv2p00_LPC17xx.a(lpc17xx_timer.o)
                0x00001080                TIM_Init
 .text.TIM_Cmd  0x000011d8       0x48 C:\Users\HP\Documents\MCUXpressoIDE_11.8.1_1197\workspace\CMSISv2p00_LPC17xx\Debug\libCMSISv2p00_LPC17xx.a(lpc17xx_timer.o)
                0x000011d8                TIM_Cmd
 .text.TIM_ConfigMatch
                0x00001220       0xcc C:\Users\HP\Documents\MCUXpressoIDE_11.8.1_1197\workspace\CMSISv2p00_LPC17xx\Debug\libCMSISv2p00_LPC17xx.a(lpc17xx_timer.o)
                0x00001220                TIM_ConfigMatch
 .text.UART_Init
                0x000012ec      0x28c C:\Users\HP\Documents\MCUXpressoIDE_11.8.1_1197\workspace\CMSISv2p00_LPC17xx\Debug\libCMSISv2p00_LPC17xx.a(lpc17xx_uart.o)
                0x000012ec                UART_Init
 .text.UART_ConfigStructInit
                0x00001578       0x12 C:\Users\HP\Documents\MCUXpressoIDE_11.8.1_1197\workspace\CMSISv2p00_LPC17xx\Debug\libCMSISv2p00_LPC17xx.a(lpc17xx_uart.o)
                0x00001578                UART_ConfigStructInit
 *fill*         0x0000158a        0x2 ff
 .text.UART_SendByte
                0x0000158c       0x40 C:\Users\HP\Documents\MCUXpressoIDE_11.8.1_1197\workspace\CMSISv2p00_LPC17xx\Debug\libCMSISv2p00_LPC17xx.a(lpc17xx_uart.o)
                0x0000158c                UART_SendByte
 .text.UART_ReceiveByte
                0x000015cc       0x40 C:\Users\HP\Documents\MCUXpressoIDE_11.8.1_1197\workspace\CMSISv2p00_LPC17xx\Debug\libCMSISv2p00_LPC17xx.a(lpc17xx_uart.o)
                0x000015cc                UART_ReceiveByte
 .text.UART_Send
                0x0000160c       0x7e C:\Users\HP\Documents\MCUXpressoIDE_11.8.1_1197\workspace\CMSISv2p00_LPC17xx\Debug\libCMSISv2p00_LPC17xx.a(lpc17xx_uart.o)
                0x0000160c                UART_Send
 *fill*         0x0000168a        0x2 ff
 .text.UART_IntConfig
                0x0000168c      0x110 C:\Users\HP\Documents\MCUXpressoIDE_11.8.1_1197\workspace\CMSISv2p00_LPC17xx\Debug\libCMSISv2p00_LPC17xx.a(lpc17xx_uart.o)
                0x0000168c                UART_IntConfig
 .text.UART_GetIntId
                0x0000179c       0x40 C:\Users\HP\Documents\MCUXpressoIDE_11.8.1_1197\workspace\CMSISv2p00_LPC17xx\Debug\libCMSISv2p00_LPC17xx.a(lpc17xx_uart.o)
                0x0000179c                UART_GetIntId
 .text.UART_FIFOConfig
                0x000017dc       0xa8 C:\Users\HP\Documents\MCUXpressoIDE_11.8.1_1197\workspace\CMSISv2p00_LPC17xx\Debug\libCMSISv2p00_LPC17xx.a(lpc17xx_uart.o)
                0x000017dc                UART_FIFOConfig
 .text.UART_FIFOConfigStructInit
                0x00001884        0xe C:\Users\HP\Documents\MCUXpressoIDE_11.8.1_1197\workspace\CMSISv2p00_LPC17xx\Debug\libCMSISv2p00_LPC17xx.a(lpc17xx_uart.o)
                0x00001884                UART_FIFOConfigStructInit
 *fill*         0x00001892        0x2 ff
 .text.UART_TxCmd
                0x00001894       0x84 C:\Users\HP\Documents\MCUXpressoIDE_11.8.1_1197\workspace\CMSISv2p00_LPC17xx\Debug\libCMSISv2p00_LPC17xx.a(lpc17xx_uart.o)
                0x00001894                UART_TxCmd
 .text.__weak_main
                0x00001918        0x4 c:/nxp/mcuxpressoide_11.8.1_1197/ide/plugins/com.nxp.mcuxpresso.tools.win32_11.8.1.202308071233/tools/bin/../lib/gcc/arm-none-eabi/12.2.1/../../../../arm-none-eabi/lib/thumb/v7-m/nofp\libcr_c.a(__weak__main.o)
                0x00001918                __weak_main
                0x00001918                __main
 .text.uitoa    0x0000191c       0x40 c:/nxp/mcuxpressoide_11.8.1_1197/ide/plugins/com.nxp.mcuxpresso.tools.win32_11.8.1.202308071233/tools/bin/../lib/gcc/arm-none-eabi/12.2.1/../../../../arm-none-eabi/lib/thumb/v7-m/nofp\libcr_c.a(itoa.o)
                0x0000191c                uitoa
 .text.__aeabi_division_uldivmod
                0x0000195c      0x174 c:/nxp/mcuxpressoide_11.8.1_1197/ide/plugins/com.nxp.mcuxpresso.tools.win32_11.8.1.202308071233/tools/bin/../lib/gcc/arm-none-eabi/12.2.1/thumb/v7-m/nofp\libcr_eabihelpers.a(division_64.o)
                0x0000195c                __aeabi_uldivmod
                0x00001960                __bhs_ldivmod1
 .text.__aeabi_division_idiv0
                0x00001ad0        0x2 c:/nxp/mcuxpressoide_11.8.1_1197/ide/plugins/com.nxp.mcuxpresso.tools.win32_11.8.1.202308071233/tools/bin/../lib/gcc/arm-none-eabi/12.2.1/thumb/v7-m/nofp\libcr_eabihelpers.a(division_idiv0.o)
                0x00001ad0                __aeabi_idiv0
 *fill*         0x00001ad2        0x2 ff
 .text.__aeabi_fmul
                0x00001ad4       0xac c:/nxp/mcuxpressoide_11.8.1_1197/ide/plugins/com.nxp.mcuxpresso.tools.win32_11.8.1.202308071233/tools/bin/../lib/gcc/arm-none-eabi/12.2.1/thumb/v7-m/nofp\libcr_eabihelpers.a(float.o)
                0x00001ad4                __aeabi_fmul
 .text.__aeabi_fdiv
                0x00001b80       0xbc c:/nxp/mcuxpressoide_11.8.1_1197/ide/plugins/com.nxp.mcuxpresso.tools.win32_11.8.1.202308071233/tools/bin/../lib/gcc/arm-none-eabi/12.2.1/thumb/v7-m/nofp\libcr_eabihelpers.a(float.o)
                0x00001b80                __aeabi_fdiv
 .text.__aeabi_f2uiz
                0x00001c3c       0x2a c:/nxp/mcuxpressoide_11.8.1_1197/ide/plugins/com.nxp.mcuxpresso.tools.win32_11.8.1.202308071233/tools/bin/../lib/gcc/arm-none-eabi/12.2.1/thumb/v7-m/nofp\libcr_eabihelpers.a(float.o)
                0x00001c3c                __aeabi_f2uiz
 .text.__bhs_ui2f
                0x00001c66       0x26 c:/nxp/mcuxpressoide_11.8.1_1197/ide/plugins/com.nxp.mcuxpresso.tools.win32_11.8.1.202308071233/tools/bin/../lib/gcc/arm-none-eabi/12.2.1/thumb/v7-m/nofp\libcr_eabihelpers.a(float.o)
                0x00001c66                __bhs_ui2f
 .text.__aeabi_ui2f
                0x00001c8c        0x8 c:/nxp/mcuxpressoide_11.8.1_1197/ide/plugins/com.nxp.mcuxpresso.tools.win32_11.8.1.202308071233/tools/bin/../lib/gcc/arm-none-eabi/12.2.1/thumb/v7-m/nofp\libcr_eabihelpers.a(float.o)
                0x00001c8c                __aeabi_ui2f
 *(.rodata .rodata.* .constdata .constdata.*)
 .rodata.send_data.str1.4
                0x00001c94       0x13 ./src/TP_FINAL.o
 .rodata.ADC_Init.str1.1
                0x00001ca7        0xe C:\Users\HP\Documents\MCUXpressoIDE_11.8.1_1197\workspace\CMSISv2p00_LPC17xx\Debug\libCMSISv2p00_LPC17xx.a(lpc17xx_adc.o)
 .rodata.CSWTCH.5
                0x00001cb5        0x4 C:\Users\HP\Documents\MCUXpressoIDE_11.8.1_1197\workspace\CMSISv2p00_LPC17xx\Debug\libCMSISv2p00_LPC17xx.a(lpc17xx_clkpwr.o)
 .rodata.DAC_Init.str1.1
                0x00001cb9        0xe C:\Users\HP\Documents\MCUXpressoIDE_11.8.1_1197\workspace\CMSISv2p00_LPC17xx\Debug\libCMSISv2p00_LPC17xx.a(lpc17xx_dac.o)
 .rodata.GPDMA_LUTPerWid
                0x00001cc7       0x18 C:\Users\HP\Documents\MCUXpressoIDE_11.8.1_1197\workspace\CMSISv2p00_LPC17xx\Debug\libCMSISv2p00_LPC17xx.a(lpc17xx_gpdma.o)
                0x00001cc7                GPDMA_LUTPerWid
 .rodata.GPDMA_LUTPerBurst
                0x00001cdf       0x18 C:\Users\HP\Documents\MCUXpressoIDE_11.8.1_1197\workspace\CMSISv2p00_LPC17xx\Debug\libCMSISv2p00_LPC17xx.a(lpc17xx_gpdma.o)
                0x00001cdf                GPDMA_LUTPerBurst
 *fill*         0x00001cf7        0x1 ff
 .rodata.GPDMA_LUTPerAddr
                0x00001cf8       0x60 C:\Users\HP\Documents\MCUXpressoIDE_11.8.1_1197\workspace\CMSISv2p00_LPC17xx\Debug\libCMSISv2p00_LPC17xx.a(lpc17xx_gpdma.o)
                0x00001cf8                GPDMA_LUTPerAddr
 .rodata.TIM_GetIntStatus.str1.1
                0x00001d58       0x10 C:\Users\HP\Documents\MCUXpressoIDE_11.8.1_1197\workspace\CMSISv2p00_LPC17xx\Debug\libCMSISv2p00_LPC17xx.a(lpc17xx_timer.o)
 .rodata.UART_Init.str1.1
                0x00001d68        0xf C:\Users\HP\Documents\MCUXpressoIDE_11.8.1_1197\workspace\CMSISv2p00_LPC17xx\Debug\libCMSISv2p00_LPC17xx.a(lpc17xx_uart.o)
 *fill*         0x00001d77        0x1 ff
 .rodata.CSWTCH.29
                0x00001d78        0xe C:\Users\HP\Documents\MCUXpressoIDE_11.8.1_1197\workspace\CMSISv2p00_LPC17xx\Debug\libCMSISv2p00_LPC17xx.a(lpc17xx_uart.o)
 .rodata.digits
                0x00001d86       0x11 c:/nxp/mcuxpressoide_11.8.1_1197/ide/plugins/com.nxp.mcuxpresso.tools.win32_11.8.1.202308071233/tools/bin/../lib/gcc/arm-none-eabi/12.2.1/../../../../arm-none-eabi/lib/thumb/v7-m/nofp\libcr_c.a(itoa.o)
                0x00001d98                . = ALIGN (0x4)
 *fill*         0x00001d97        0x1 ff

.glue_7         0x00001d98        0x0
 .glue_7        0x00001d98        0x0 linker stubs

.glue_7t        0x00001d98        0x0
 .glue_7t       0x00001d98        0x0 linker stubs

.vfp11_veneer   0x00001d98        0x0
 .vfp11_veneer  0x00001d98        0x0 linker stubs

.v4_bx          0x00001d98        0x0
 .v4_bx         0x00001d98        0x0 linker stubs

.iplt           0x00001d98        0x0
 .iplt          0x00001d98        0x0 ./src/TP_FINAL.o

.rel.dyn        0x00001d98        0x0
 .rel.iplt      0x00001d98        0x0 ./src/TP_FINAL.o

.ARM.extab
 *(.ARM.extab* .gnu.linkonce.armextab.*)

.ARM.exidx      0x00001d98        0x0
                0x00001d98                __exidx_start = .
 *(.ARM.exidx* .gnu.linkonce.armexidx.*)
                0x00001d98                __exidx_end = .
                0x00001d98                _etext = .

.data_RAM2      0x2007c000        0x0 load address 0x00001d98
 FILL mask 0xff
                [!provide]                PROVIDE (__start_data_RAM2 = .)
                [!provide]                PROVIDE (__start_data_RamAHB32 = .)
 *(.ramfunc.$RAM2)
 *(.ramfunc.$RamAHB32)
 *(.data.$RAM2)
 *(.data.$RamAHB32)
 *(.data.$RAM2.*)
 *(.data.$RamAHB32.*)
                0x2007c000                . = ALIGN (0x4)
                [!provide]                PROVIDE (__end_data_RAM2 = .)
                [!provide]                PROVIDE (__end_data_RamAHB32 = .)

.uninit_RESERVED
                0x10000000        0x0
                0x10000000                _start_uninit_RESERVED = .
 *(.bss.$RESERVED*)
                0x10000000                . = ALIGN (0x4)
                0x10000000                _end_uninit_RESERVED = .

.data           0x10000000       0xf4 load address 0x00001d98
 FILL mask 0xff
                0x10000000                _data = .
                [!provide]                PROVIDE (__start_data_RAM = .)
                [!provide]                PROVIDE (__start_data_RamLoc32 = .)
 *(vtable)
 *(.ramfunc*)
 *(CodeQuickAccess)
 *(DataQuickAccess)
 *(RamFunction)
 *(.data*)
 .data.muestras
                0x10000000        0x1 ./src/TP_FINAL.o
                0x10000000                muestras
 .data.muestrasEnt
                0x10000001        0x1 ./src/TP_FINAL.o
                0x10000001                muestrasEnt
 *fill*         0x10000002        0x2 ff
 .data.radarSamples
                0x10000004       0x64 ./src/TP_FINAL.o
                0x10000004                radarSamples
 .data.correccion
                0x10000068       0x64 ./src/TP_FINAL.o
                0x10000068                correccion
 .data.dirFlag  0x100000cc        0x1 ./src/TP_FINAL.o
                0x100000cc                dirFlag
 .data.on       0x100000cd        0x1 ./src/TP_FINAL.o
                0x100000cd                on
 *fill*         0x100000ce        0x2 ff
 .data.SystemCoreClock
                0x100000d0        0x4 C:\Users\HP\Documents\MCUXpressoIDE_11.8.1_1197\workspace\CMSISv2p00_LPC17xx\Debug\libCMSISv2p00_LPC17xx.a(system_LPC17xx.o)
                0x100000d0                SystemCoreClock
 .data.pGPDMACh
                0x100000d4       0x20 C:\Users\HP\Documents\MCUXpressoIDE_11.8.1_1197\workspace\CMSISv2p00_LPC17xx\Debug\libCMSISv2p00_LPC17xx.a(lpc17xx_gpdma.o)
                0x100000d4                pGPDMACh
                0x100000f4                . = ALIGN (0x4)
                0x100000f4                _edata = .
                [!provide]                PROVIDE (__end_data_RAM = .)
                [!provide]                PROVIDE (__end_data_RamLoc32 = .)

.igot.plt       0x100000f4        0x0 load address 0x00001e8c
 .igot.plt      0x100000f4        0x0 ./src/TP_FINAL.o

.bss_RAM2       0x2007c000        0x0
                [!provide]                PROVIDE (__start_bss_RAM2 = .)
                [!provide]                PROVIDE (__start_bss_RamAHB32 = .)
 *(.bss.$RAM2)
 *(.bss.$RamAHB32)
 *(.bss.$RAM2.*)
 *(.bss.$RamAHB32.*)
                0x2007c000                . = ALIGN ((. != 0x0)?0x4:0x1)
                [!provide]                PROVIDE (__end_bss_RAM2 = .)
                [!provide]                PROVIDE (__end_bss_RamAHB32 = .)

.bss            0x100000f4       0x60
                0x100000f4                _bss = .
                [!provide]                PROVIDE (__start_bss_RAM = .)
                [!provide]                PROVIDE (__start_bss_RamLoc32 = .)
 *(.bss*)
 .bss.LLI1      0x100000f4       0x10 ./src/TP_FINAL.o
                0x100000f4                LLI1
 .bss.GPDMACfg  0x10000104       0x24 ./src/TP_FINAL.o
                0x10000104                GPDMACfg
 .bss.valor     0x10000128        0x4 ./src/TP_FINAL.o
                0x10000128                valor
 .bss.distanciaCm
                0x1000012c        0x4 ./src/TP_FINAL.o
                0x1000012c                distanciaCm
 .bss.distLineaRectaCm
                0x10000130        0x4 ./src/TP_FINAL.o
                0x10000130                distLineaRectaCm
 .bss.distLineaRectaCmArray
                0x10000134       0x10 ./src/TP_FINAL.o
                0x10000134                distLineaRectaCmArray
 .bss.distanciaDac
                0x10000144        0x4 ./src/TP_FINAL.o
                0x10000144                distanciaDac
 .bss.posicion  0x10000148        0x1 ./src/TP_FINAL.o
                0x10000148                posicion
 *fill*         0x10000149        0x3 
 .bss.tiempo    0x1000014c        0x4 ./src/TP_FINAL.o
                0x1000014c                tiempo
 .bss.command   0x10000150        0x1 ./src/TP_FINAL.o
                0x10000150                command
 *(COMMON)
                0x10000154                . = ALIGN (0x4)
 *fill*         0x10000151        0x3 
                0x10000154                _ebss = .
                [!provide]                PROVIDE (__end_bss_RAM = .)
                [!provide]                PROVIDE (__end_bss_RamLoc32 = .)
                [!provide]                PROVIDE (end = .)

.noinit_RAM2    0x2007c000        0x0
                [!provide]                PROVIDE (__start_noinit_RAM2 = .)
                [!provide]                PROVIDE (__start_noinit_RamAHB32 = .)
 *(.noinit.$RAM2)
 *(.noinit.$RamAHB32)
 *(.noinit.$RAM2.*)
 *(.noinit.$RamAHB32.*)
                0x2007c000                . = ALIGN (0x4)
                [!provide]                PROVIDE (__end_noinit_RAM2 = .)
                [!provide]                PROVIDE (__end_noinit_RamAHB32 = .)

.noinit         0x10000154        0x0
                0x10000154                _noinit = .
                [!provide]                PROVIDE (__start_noinit_RAM = .)
                [!provide]                PROVIDE (__start_noinit_RamLoc32 = .)
 *(.noinit*)
                0x10000154                . = ALIGN (0x4)
                0x10000154                _end_noinit = .
                [!provide]                PROVIDE (__end_noinit_RAM = .)
                [!provide]                PROVIDE (__end_noinit_RamLoc32 = .)
                [!provide]                PROVIDE (_pvHeapStart = DEFINED (__user_heap_base)?__user_heap_base:.)
                0x10008000                PROVIDE (_vStackTop = DEFINED (__user_stack_top)?__user_stack_top:(__top_RamLoc32 - 0x0))
                0xefff749e                PROVIDE (__valid_user_code_checksum = (0x0 - ((((((_vStackTop + (ResetISR + 0x1)) + (NMI_Handler + 0x1)) + (HardFault_Handler + 0x1)) + (DEFINED (MemManage_Handler)?MemManage_Handler:0x0 + 0x1)) + (DEFINED (BusFault_Handler)?BusFault_Handler:0x0 + 0x1)) + (DEFINED (UsageFault_Handler)?UsageFault_Handler:0x0 + 0x1))))
                0x00000000                _image_start = LOADADDR (.text)
                0x00001e8c                _image_end = (LOADADDR (.data) + SIZEOF (.data))
                0x00001e8c                _image_size = (_image_end - _image_start)
OUTPUT(TP_FINAL.axf elf32-littlearm)
LOAD linker stubs

.debug_info     0x00000000     0x739d
 .debug_info    0x00000000     0x1bec ./src/TP_FINAL.o
 .debug_info    0x00001bec      0x278 ./src/cr_startup_lpc175x_6x.o
 .debug_info    0x00001e64       0x41 ./src/crp.o
 .debug_info    0x00001ea5      0x302 C:\Users\HP\Documents\MCUXpressoIDE_11.8.1_1197\workspace\CMSISv2p00_LPC17xx\Debug\libCMSISv2p00_LPC17xx.a(system_LPC17xx.o)
 .debug_info    0x000021a7      0x8ae C:\Users\HP\Documents\MCUXpressoIDE_11.8.1_1197\workspace\CMSISv2p00_LPC17xx\Debug\libCMSISv2p00_LPC17xx.a(lpc17xx_adc.o)
 .debug_info    0x00002a55      0x64b C:\Users\HP\Documents\MCUXpressoIDE_11.8.1_1197\workspace\CMSISv2p00_LPC17xx\Debug\libCMSISv2p00_LPC17xx.a(lpc17xx_clkpwr.o)
 .debug_info    0x000030a0      0x37e C:\Users\HP\Documents\MCUXpressoIDE_11.8.1_1197\workspace\CMSISv2p00_LPC17xx\Debug\libCMSISv2p00_LPC17xx.a(lpc17xx_dac.o)
 .debug_info    0x0000341e     0x1063 C:\Users\HP\Documents\MCUXpressoIDE_11.8.1_1197\workspace\CMSISv2p00_LPC17xx\Debug\libCMSISv2p00_LPC17xx.a(lpc17xx_gpdma.o)
 .debug_info    0x00004481       0xcf C:\Users\HP\Documents\MCUXpressoIDE_11.8.1_1197\workspace\CMSISv2p00_LPC17xx\Debug\libCMSISv2p00_LPC17xx.a(lpc17xx_libcfg_default.o)
 .debug_info    0x00004550      0x518 C:\Users\HP\Documents\MCUXpressoIDE_11.8.1_1197\workspace\CMSISv2p00_LPC17xx\Debug\libCMSISv2p00_LPC17xx.a(lpc17xx_pinsel.o)
 .debug_info    0x00004a68      0xc60 C:\Users\HP\Documents\MCUXpressoIDE_11.8.1_1197\workspace\CMSISv2p00_LPC17xx\Debug\libCMSISv2p00_LPC17xx.a(lpc17xx_timer.o)
 .debug_info    0x000056c8     0x1cd5 C:\Users\HP\Documents\MCUXpressoIDE_11.8.1_1197\workspace\CMSISv2p00_LPC17xx\Debug\libCMSISv2p00_LPC17xx.a(lpc17xx_uart.o)

.debug_abbrev   0x00000000     0x17c7
 .debug_abbrev  0x00000000      0x434 ./src/TP_FINAL.o
 .debug_abbrev  0x00000434      0x152 ./src/cr_startup_lpc175x_6x.o
 .debug_abbrev  0x00000586       0x37 ./src/crp.o
 .debug_abbrev  0x000005bd      0x10d C:\Users\HP\Documents\MCUXpressoIDE_11.8.1_1197\workspace\CMSISv2p00_LPC17xx\Debug\libCMSISv2p00_LPC17xx.a(system_LPC17xx.o)
 .debug_abbrev  0x000006ca      0x1f9 C:\Users\HP\Documents\MCUXpressoIDE_11.8.1_1197\workspace\CMSISv2p00_LPC17xx\Debug\libCMSISv2p00_LPC17xx.a(lpc17xx_adc.o)
 .debug_abbrev  0x000008c3      0x208 C:\Users\HP\Documents\MCUXpressoIDE_11.8.1_1197\workspace\CMSISv2p00_LPC17xx\Debug\libCMSISv2p00_LPC17xx.a(lpc17xx_clkpwr.o)
 .debug_abbrev  0x00000acb      0x1a5 C:\Users\HP\Documents\MCUXpressoIDE_11.8.1_1197\workspace\CMSISv2p00_LPC17xx\Debug\libCMSISv2p00_LPC17xx.a(lpc17xx_dac.o)
 .debug_abbrev  0x00000c70      0x2a2 C:\Users\HP\Documents\MCUXpressoIDE_11.8.1_1197\workspace\CMSISv2p00_LPC17xx\Debug\libCMSISv2p00_LPC17xx.a(lpc17xx_gpdma.o)
 .debug_abbrev  0x00000f12       0x76 C:\Users\HP\Documents\MCUXpressoIDE_11.8.1_1197\workspace\CMSISv2p00_LPC17xx\Debug\libCMSISv2p00_LPC17xx.a(lpc17xx_libcfg_default.o)
 .debug_abbrev  0x00000f88      0x1ac C:\Users\HP\Documents\MCUXpressoIDE_11.8.1_1197\workspace\CMSISv2p00_LPC17xx\Debug\libCMSISv2p00_LPC17xx.a(lpc17xx_pinsel.o)
 .debug_abbrev  0x00001134      0x2fb C:\Users\HP\Documents\MCUXpressoIDE_11.8.1_1197\workspace\CMSISv2p00_LPC17xx\Debug\libCMSISv2p00_LPC17xx.a(lpc17xx_timer.o)
 .debug_abbrev  0x0000142f      0x398 C:\Users\HP\Documents\MCUXpressoIDE_11.8.1_1197\workspace\CMSISv2p00_LPC17xx\Debug\libCMSISv2p00_LPC17xx.a(lpc17xx_uart.o)

.debug_aranges  0x00000000      0x480
 .debug_aranges
                0x00000000       0xa0 ./src/TP_FINAL.o
 .debug_aranges
                0x000000a0       0x80 ./src/cr_startup_lpc175x_6x.o
 .debug_aranges
                0x00000120       0x18 ./src/crp.o
 .debug_aranges
                0x00000138       0x28 C:\Users\HP\Documents\MCUXpressoIDE_11.8.1_1197\workspace\CMSISv2p00_LPC17xx\Debug\libCMSISv2p00_LPC17xx.a(system_LPC17xx.o)
 .debug_aranges
                0x00000160       0x80 C:\Users\HP\Documents\MCUXpressoIDE_11.8.1_1197\workspace\CMSISv2p00_LPC17xx\Debug\libCMSISv2p00_LPC17xx.a(lpc17xx_adc.o)
 .debug_aranges
                0x000001e0       0x58 C:\Users\HP\Documents\MCUXpressoIDE_11.8.1_1197\workspace\CMSISv2p00_LPC17xx\Debug\libCMSISv2p00_LPC17xx.a(lpc17xx_clkpwr.o)
 .debug_aranges
                0x00000238       0x40 C:\Users\HP\Documents\MCUXpressoIDE_11.8.1_1197\workspace\CMSISv2p00_LPC17xx\Debug\libCMSISv2p00_LPC17xx.a(lpc17xx_dac.o)
 .debug_aranges
                0x00000278       0x40 C:\Users\HP\Documents\MCUXpressoIDE_11.8.1_1197\workspace\CMSISv2p00_LPC17xx\Debug\libCMSISv2p00_LPC17xx.a(lpc17xx_gpdma.o)
 .debug_aranges
                0x000002b8       0x20 C:\Users\HP\Documents\MCUXpressoIDE_11.8.1_1197\workspace\CMSISv2p00_LPC17xx\Debug\libCMSISv2p00_LPC17xx.a(lpc17xx_libcfg_default.o)
 .debug_aranges
                0x000002d8       0x30 C:\Users\HP\Documents\MCUXpressoIDE_11.8.1_1197\workspace\CMSISv2p00_LPC17xx\Debug\libCMSISv2p00_LPC17xx.a(lpc17xx_pinsel.o)
 .debug_aranges
                0x00000308       0x80 C:\Users\HP\Documents\MCUXpressoIDE_11.8.1_1197\workspace\CMSISv2p00_LPC17xx\Debug\libCMSISv2p00_LPC17xx.a(lpc17xx_timer.o)
 .debug_aranges
                0x00000388       0xf8 C:\Users\HP\Documents\MCUXpressoIDE_11.8.1_1197\workspace\CMSISv2p00_LPC17xx\Debug\libCMSISv2p00_LPC17xx.a(lpc17xx_uart.o)

.debug_rnglists
                0x00000000      0x3c0
 .debug_rnglists
                0x00000000       0x78 ./src/TP_FINAL.o
 .debug_rnglists
                0x00000078       0x5b ./src/cr_startup_lpc175x_6x.o
 .debug_rnglists
                0x000000d3       0x1b C:\Users\HP\Documents\MCUXpressoIDE_11.8.1_1197\workspace\CMSISv2p00_LPC17xx\Debug\libCMSISv2p00_LPC17xx.a(system_LPC17xx.o)
 .debug_rnglists
                0x000000ee       0x5b C:\Users\HP\Documents\MCUXpressoIDE_11.8.1_1197\workspace\CMSISv2p00_LPC17xx\Debug\libCMSISv2p00_LPC17xx.a(lpc17xx_adc.o)
 .debug_rnglists
                0x00000149       0x3d C:\Users\HP\Documents\MCUXpressoIDE_11.8.1_1197\workspace\CMSISv2p00_LPC17xx\Debug\libCMSISv2p00_LPC17xx.a(lpc17xx_clkpwr.o)
 .debug_rnglists
                0x00000186       0x37 C:\Users\HP\Documents\MCUXpressoIDE_11.8.1_1197\workspace\CMSISv2p00_LPC17xx\Debug\libCMSISv2p00_LPC17xx.a(lpc17xx_dac.o)
 .debug_rnglists
                0x000001bd       0x2c C:\Users\HP\Documents\MCUXpressoIDE_11.8.1_1197\workspace\CMSISv2p00_LPC17xx\Debug\libCMSISv2p00_LPC17xx.a(lpc17xx_gpdma.o)
 .debug_rnglists
                0x000001e9       0x13 C:\Users\HP\Documents\MCUXpressoIDE_11.8.1_1197\workspace\CMSISv2p00_LPC17xx\Debug\libCMSISv2p00_LPC17xx.a(lpc17xx_libcfg_default.o)
 .debug_rnglists
                0x000001fc       0x4c C:\Users\HP\Documents\MCUXpressoIDE_11.8.1_1197\workspace\CMSISv2p00_LPC17xx\Debug\libCMSISv2p00_LPC17xx.a(lpc17xx_pinsel.o)
 .debug_rnglists
                0x00000248       0x93 C:\Users\HP\Documents\MCUXpressoIDE_11.8.1_1197\workspace\CMSISv2p00_LPC17xx\Debug\libCMSISv2p00_LPC17xx.a(lpc17xx_timer.o)
 .debug_rnglists
                0x000002db       0xe5 C:\Users\HP\Documents\MCUXpressoIDE_11.8.1_1197\workspace\CMSISv2p00_LPC17xx\Debug\libCMSISv2p00_LPC17xx.a(lpc17xx_uart.o)

.debug_macro    0x00000000     0x49d5
 .debug_macro   0x00000000      0x11a ./src/TP_FINAL.o
 .debug_macro   0x0000011a      0xaba ./src/TP_FINAL.o
 .debug_macro   0x00000bd4       0x1c ./src/TP_FINAL.o
 .debug_macro   0x00000bf0       0x2e ./src/TP_FINAL.o
 .debug_macro   0x00000c1e       0x10 ./src/TP_FINAL.o
 .debug_macro   0x00000c2e      0x12e ./src/TP_FINAL.o
 .debug_macro   0x00000d5c      0x5b3 ./src/TP_FINAL.o
 .debug_macro   0x0000130f       0x18 ./src/TP_FINAL.o
 .debug_macro   0x00001327      0x7af ./src/TP_FINAL.o
 .debug_macro   0x00001ad6      0x2c7 ./src/TP_FINAL.o
 .debug_macro   0x00001d9d       0x63 ./src/TP_FINAL.o
 .debug_macro   0x00001e00       0x3a ./src/TP_FINAL.o
 .debug_macro   0x00001e3a      0x33a ./src/TP_FINAL.o
 .debug_macro   0x00002174      0x2ae ./src/TP_FINAL.o
 .debug_macro   0x00002422       0xeb ./src/TP_FINAL.o
 .debug_macro   0x0000250d       0xea ./src/TP_FINAL.o
 .debug_macro   0x000025f7      0x13f ./src/TP_FINAL.o
 .debug_macro   0x00002736       0x22 ./src/TP_FINAL.o
 .debug_macro   0x00002758       0x9a ./src/TP_FINAL.o
 .debug_macro   0x000027f2       0x1d ./src/cr_startup_lpc175x_6x.o
 .debug_macro   0x0000280f       0x1a ./src/crp.o
 .debug_macro   0x00002829       0x34 ./src/crp.o
 .debug_macro   0x0000285d      0x12b C:\Users\HP\Documents\MCUXpressoIDE_11.8.1_1197\workspace\CMSISv2p00_LPC17xx\Debug\libCMSISv2p00_LPC17xx.a(system_LPC17xx.o)
 .debug_macro   0x00002988      0xab4 C:\Users\HP\Documents\MCUXpressoIDE_11.8.1_1197\workspace\CMSISv2p00_LPC17xx\Debug\libCMSISv2p00_LPC17xx.a(system_LPC17xx.o)
 .debug_macro   0x0000343c       0xa9 C:\Users\HP\Documents\MCUXpressoIDE_11.8.1_1197\workspace\CMSISv2p00_LPC17xx\Debug\libCMSISv2p00_LPC17xx.a(lpc17xx_adc.o)
 .debug_macro   0x000034e5       0xe5 C:\Users\HP\Documents\MCUXpressoIDE_11.8.1_1197\workspace\CMSISv2p00_LPC17xx\Debug\libCMSISv2p00_LPC17xx.a(lpc17xx_adc.o)
 .debug_macro   0x000035ca      0x2f1 C:\Users\HP\Documents\MCUXpressoIDE_11.8.1_1197\workspace\CMSISv2p00_LPC17xx\Debug\libCMSISv2p00_LPC17xx.a(lpc17xx_adc.o)
 .debug_macro   0x000038bb       0xdd C:\Users\HP\Documents\MCUXpressoIDE_11.8.1_1197\workspace\CMSISv2p00_LPC17xx\Debug\libCMSISv2p00_LPC17xx.a(lpc17xx_adc.o)
 .debug_macro   0x00003998       0x8d C:\Users\HP\Documents\MCUXpressoIDE_11.8.1_1197\workspace\CMSISv2p00_LPC17xx\Debug\libCMSISv2p00_LPC17xx.a(lpc17xx_clkpwr.o)
 .debug_macro   0x00003a25       0x1c C:\Users\HP\Documents\MCUXpressoIDE_11.8.1_1197\workspace\CMSISv2p00_LPC17xx\Debug\libCMSISv2p00_LPC17xx.a(lpc17xx_clkpwr.o)
 .debug_macro   0x00003a41      0x2c7 C:\Users\HP\Documents\MCUXpressoIDE_11.8.1_1197\workspace\CMSISv2p00_LPC17xx\Debug\libCMSISv2p00_LPC17xx.a(lpc17xx_clkpwr.o)
 .debug_macro   0x00003d08       0xa9 C:\Users\HP\Documents\MCUXpressoIDE_11.8.1_1197\workspace\CMSISv2p00_LPC17xx\Debug\libCMSISv2p00_LPC17xx.a(lpc17xx_dac.o)
 .debug_macro   0x00003db1       0xa9 C:\Users\HP\Documents\MCUXpressoIDE_11.8.1_1197\workspace\CMSISv2p00_LPC17xx\Debug\libCMSISv2p00_LPC17xx.a(lpc17xx_gpdma.o)
 .debug_macro   0x00003e5a      0x2a8 C:\Users\HP\Documents\MCUXpressoIDE_11.8.1_1197\workspace\CMSISv2p00_LPC17xx\Debug\libCMSISv2p00_LPC17xx.a(lpc17xx_gpdma.o)
 .debug_macro   0x00004102       0x5a C:\Users\HP\Documents\MCUXpressoIDE_11.8.1_1197\workspace\CMSISv2p00_LPC17xx\Debug\libCMSISv2p00_LPC17xx.a(lpc17xx_libcfg_default.o)
 .debug_macro   0x0000415c       0x5d C:\Users\HP\Documents\MCUXpressoIDE_11.8.1_1197\workspace\CMSISv2p00_LPC17xx\Debug\libCMSISv2p00_LPC17xx.a(lpc17xx_libcfg_default.o)
 .debug_macro   0x000041b9       0xd7 C:\Users\HP\Documents\MCUXpressoIDE_11.8.1_1197\workspace\CMSISv2p00_LPC17xx\Debug\libCMSISv2p00_LPC17xx.a(lpc17xx_libcfg_default.o)
 .debug_macro   0x00004290       0x8d C:\Users\HP\Documents\MCUXpressoIDE_11.8.1_1197\workspace\CMSISv2p00_LPC17xx\Debug\libCMSISv2p00_LPC17xx.a(lpc17xx_pinsel.o)
 .debug_macro   0x0000431d       0xb2 C:\Users\HP\Documents\MCUXpressoIDE_11.8.1_1197\workspace\CMSISv2p00_LPC17xx\Debug\libCMSISv2p00_LPC17xx.a(lpc17xx_timer.o)
 .debug_macro   0x000043cf       0xe4 C:\Users\HP\Documents\MCUXpressoIDE_11.8.1_1197\workspace\CMSISv2p00_LPC17xx\Debug\libCMSISv2p00_LPC17xx.a(lpc17xx_timer.o)
 .debug_macro   0x000044b3      0x145 C:\Users\HP\Documents\MCUXpressoIDE_11.8.1_1197\workspace\CMSISv2p00_LPC17xx\Debug\libCMSISv2p00_LPC17xx.a(lpc17xx_timer.o)
 .debug_macro   0x000045f8       0xa9 C:\Users\HP\Documents\MCUXpressoIDE_11.8.1_1197\workspace\CMSISv2p00_LPC17xx\Debug\libCMSISv2p00_LPC17xx.a(lpc17xx_uart.o)
 .debug_macro   0x000046a1      0x334 C:\Users\HP\Documents\MCUXpressoIDE_11.8.1_1197\workspace\CMSISv2p00_LPC17xx\Debug\libCMSISv2p00_LPC17xx.a(lpc17xx_uart.o)

.debug_line     0x00000000     0x45d0
 .debug_line    0x00000000      0x74c ./src/TP_FINAL.o
 .debug_line    0x0000074c      0x162 ./src/cr_startup_lpc175x_6x.o
 .debug_line    0x000008ae       0xb1 ./src/crp.o
 .debug_line    0x0000095f      0x40a C:\Users\HP\Documents\MCUXpressoIDE_11.8.1_1197\workspace\CMSISv2p00_LPC17xx\Debug\libCMSISv2p00_LPC17xx.a(system_LPC17xx.o)
 .debug_line    0x00000d69      0x713 C:\Users\HP\Documents\MCUXpressoIDE_11.8.1_1197\workspace\CMSISv2p00_LPC17xx\Debug\libCMSISv2p00_LPC17xx.a(lpc17xx_adc.o)
 .debug_line    0x0000147c      0x474 C:\Users\HP\Documents\MCUXpressoIDE_11.8.1_1197\workspace\CMSISv2p00_LPC17xx\Debug\libCMSISv2p00_LPC17xx.a(lpc17xx_clkpwr.o)
 .debug_line    0x000018f0      0x441 C:\Users\HP\Documents\MCUXpressoIDE_11.8.1_1197\workspace\CMSISv2p00_LPC17xx\Debug\libCMSISv2p00_LPC17xx.a(lpc17xx_dac.o)
 .debug_line    0x00001d31      0x65e C:\Users\HP\Documents\MCUXpressoIDE_11.8.1_1197\workspace\CMSISv2p00_LPC17xx\Debug\libCMSISv2p00_LPC17xx.a(lpc17xx_gpdma.o)
 .debug_line    0x0000238f      0x21b C:\Users\HP\Documents\MCUXpressoIDE_11.8.1_1197\workspace\CMSISv2p00_LPC17xx\Debug\libCMSISv2p00_LPC17xx.a(lpc17xx_libcfg_default.o)
 .debug_line    0x000025aa      0x38e C:\Users\HP\Documents\MCUXpressoIDE_11.8.1_1197\workspace\CMSISv2p00_LPC17xx\Debug\libCMSISv2p00_LPC17xx.a(lpc17xx_pinsel.o)
 .debug_line    0x00002938      0x98d C:\Users\HP\Documents\MCUXpressoIDE_11.8.1_1197\workspace\CMSISv2p00_LPC17xx\Debug\libCMSISv2p00_LPC17xx.a(lpc17xx_timer.o)
 .debug_line    0x000032c5     0x130b C:\Users\HP\Documents\MCUXpressoIDE_11.8.1_1197\workspace\CMSISv2p00_LPC17xx\Debug\libCMSISv2p00_LPC17xx.a(lpc17xx_uart.o)

.debug_str      0x00000000    0x104a6
 .debug_str     0x00000000     0xd8d9 ./src/TP_FINAL.o
                               0xd9b1 (size before relaxing)
 .debug_str     0x0000d8d9      0x1ea ./src/cr_startup_lpc175x_6x.o
                               0x3007 (size before relaxing)
 .debug_str     0x0000dac3       0xe9 ./src/crp.o
                               0x2ef0 (size before relaxing)
 .debug_str     0x0000dbac      0x42c C:\Users\HP\Documents\MCUXpressoIDE_11.8.1_1197\workspace\CMSISv2p00_LPC17xx\Debug\libCMSISv2p00_LPC17xx.a(system_LPC17xx.o)
                               0x89c0 (size before relaxing)
 .debug_str     0x0000dfd8     0x1596 C:\Users\HP\Documents\MCUXpressoIDE_11.8.1_1197\workspace\CMSISv2p00_LPC17xx\Debug\libCMSISv2p00_LPC17xx.a(lpc17xx_adc.o)
                               0xa5a7 (size before relaxing)
 .debug_str     0x0000f56e      0x100 C:\Users\HP\Documents\MCUXpressoIDE_11.8.1_1197\workspace\CMSISv2p00_LPC17xx\Debug\libCMSISv2p00_LPC17xx.a(lpc17xx_clkpwr.o)
                               0x9bba (size before relaxing)
 .debug_str     0x0000f66e       0x9c C:\Users\HP\Documents\MCUXpressoIDE_11.8.1_1197\workspace\CMSISv2p00_LPC17xx\Debug\libCMSISv2p00_LPC17xx.a(lpc17xx_dac.o)
                               0x9d6a (size before relaxing)
 .debug_str     0x0000f70a      0x3a0 C:\Users\HP\Documents\MCUXpressoIDE_11.8.1_1197\workspace\CMSISv2p00_LPC17xx\Debug\libCMSISv2p00_LPC17xx.a(lpc17xx_gpdma.o)
                               0xb40b (size before relaxing)
 .debug_str     0x0000faaa       0x2d C:\Users\HP\Documents\MCUXpressoIDE_11.8.1_1197\workspace\CMSISv2p00_LPC17xx\Debug\libCMSISv2p00_LPC17xx.a(lpc17xx_libcfg_default.o)
                               0x47e7 (size before relaxing)
 .debug_str     0x0000fad7       0xf4 C:\Users\HP\Documents\MCUXpressoIDE_11.8.1_1197\workspace\CMSISv2p00_LPC17xx\Debug\libCMSISv2p00_LPC17xx.a(lpc17xx_pinsel.o)
                               0x8e32 (size before relaxing)
 .debug_str     0x0000fbcb      0x2ae C:\Users\HP\Documents\MCUXpressoIDE_11.8.1_1197\workspace\CMSISv2p00_LPC17xx\Debug\libCMSISv2p00_LPC17xx.a(lpc17xx_timer.o)
                               0xabdf (size before relaxing)
 .debug_str     0x0000fe79      0x62d C:\Users\HP\Documents\MCUXpressoIDE_11.8.1_1197\workspace\CMSISv2p00_LPC17xx\Debug\libCMSISv2p00_LPC17xx.a(lpc17xx_uart.o)
                               0xbc6f (size before relaxing)

.comment        0x00000000       0x45
 .comment       0x00000000       0x45 ./src/TP_FINAL.o
                                 0x46 (size before relaxing)
 .comment       0x00000045       0x46 ./src/cr_startup_lpc175x_6x.o
 .comment       0x00000045       0x46 ./src/crp.o
 .comment       0x00000045       0x46 C:\Users\HP\Documents\MCUXpressoIDE_11.8.1_1197\workspace\CMSISv2p00_LPC17xx\Debug\libCMSISv2p00_LPC17xx.a(system_LPC17xx.o)
 .comment       0x00000045       0x46 C:\Users\HP\Documents\MCUXpressoIDE_11.8.1_1197\workspace\CMSISv2p00_LPC17xx\Debug\libCMSISv2p00_LPC17xx.a(lpc17xx_adc.o)
 .comment       0x00000045       0x46 C:\Users\HP\Documents\MCUXpressoIDE_11.8.1_1197\workspace\CMSISv2p00_LPC17xx\Debug\libCMSISv2p00_LPC17xx.a(lpc17xx_clkpwr.o)
 .comment       0x00000045       0x46 C:\Users\HP\Documents\MCUXpressoIDE_11.8.1_1197\workspace\CMSISv2p00_LPC17xx\Debug\libCMSISv2p00_LPC17xx.a(lpc17xx_dac.o)
 .comment       0x00000045       0x46 C:\Users\HP\Documents\MCUXpressoIDE_11.8.1_1197\workspace\CMSISv2p00_LPC17xx\Debug\libCMSISv2p00_LPC17xx.a(lpc17xx_gpdma.o)
 .comment       0x00000045       0x46 C:\Users\HP\Documents\MCUXpressoIDE_11.8.1_1197\workspace\CMSISv2p00_LPC17xx\Debug\libCMSISv2p00_LPC17xx.a(lpc17xx_libcfg_default.o)
 .comment       0x00000045       0x46 C:\Users\HP\Documents\MCUXpressoIDE_11.8.1_1197\workspace\CMSISv2p00_LPC17xx\Debug\libCMSISv2p00_LPC17xx.a(lpc17xx_pinsel.o)
 .comment       0x00000045       0x46 C:\Users\HP\Documents\MCUXpressoIDE_11.8.1_1197\workspace\CMSISv2p00_LPC17xx\Debug\libCMSISv2p00_LPC17xx.a(lpc17xx_timer.o)
 .comment       0x00000045       0x46 C:\Users\HP\Documents\MCUXpressoIDE_11.8.1_1197\workspace\CMSISv2p00_LPC17xx\Debug\libCMSISv2p00_LPC17xx.a(lpc17xx_uart.o)
 .comment       0x00000045       0x46 c:/nxp/mcuxpressoide_11.8.1_1197/ide/plugins/com.nxp.mcuxpresso.tools.win32_11.8.1.202308071233/tools/bin/../lib/gcc/arm-none-eabi/12.2.1/../../../../arm-none-eabi/lib/thumb/v7-m/nofp\libcr_c.a(__weak__main.o)
 .comment       0x00000045       0x46 c:/nxp/mcuxpressoide_11.8.1_1197/ide/plugins/com.nxp.mcuxpresso.tools.win32_11.8.1.202308071233/tools/bin/../lib/gcc/arm-none-eabi/12.2.1/../../../../arm-none-eabi/lib/thumb/v7-m/nofp\libcr_c.a(itoa.o)
 .comment       0x00000045       0x46 c:/nxp/mcuxpressoide_11.8.1_1197/ide/plugins/com.nxp.mcuxpresso.tools.win32_11.8.1.202308071233/tools/bin/../lib/gcc/arm-none-eabi/12.2.1/thumb/v7-m/nofp\libcr_eabihelpers.a(float.o)

.ARM.attributes
                0x00000000       0x2b
 .ARM.attributes
                0x00000000       0x2d ./src/TP_FINAL.o
 .ARM.attributes
                0x0000002d       0x2d ./src/cr_startup_lpc175x_6x.o
 .ARM.attributes
                0x0000005a       0x2d ./src/crp.o
 .ARM.attributes
                0x00000087       0x2d C:\Users\HP\Documents\MCUXpressoIDE_11.8.1_1197\workspace\CMSISv2p00_LPC17xx\Debug\libCMSISv2p00_LPC17xx.a(system_LPC17xx.o)
 .ARM.attributes
                0x000000b4       0x2d C:\Users\HP\Documents\MCUXpressoIDE_11.8.1_1197\workspace\CMSISv2p00_LPC17xx\Debug\libCMSISv2p00_LPC17xx.a(lpc17xx_adc.o)
 .ARM.attributes
                0x000000e1       0x2d C:\Users\HP\Documents\MCUXpressoIDE_11.8.1_1197\workspace\CMSISv2p00_LPC17xx\Debug\libCMSISv2p00_LPC17xx.a(lpc17xx_clkpwr.o)
 .ARM.attributes
                0x0000010e       0x2d C:\Users\HP\Documents\MCUXpressoIDE_11.8.1_1197\workspace\CMSISv2p00_LPC17xx\Debug\libCMSISv2p00_LPC17xx.a(lpc17xx_dac.o)
 .ARM.attributes
                0x0000013b       0x2d C:\Users\HP\Documents\MCUXpressoIDE_11.8.1_1197\workspace\CMSISv2p00_LPC17xx\Debug\libCMSISv2p00_LPC17xx.a(lpc17xx_gpdma.o)
 .ARM.attributes
                0x00000168       0x2d C:\Users\HP\Documents\MCUXpressoIDE_11.8.1_1197\workspace\CMSISv2p00_LPC17xx\Debug\libCMSISv2p00_LPC17xx.a(lpc17xx_libcfg_default.o)
 .ARM.attributes
                0x00000195       0x2d C:\Users\HP\Documents\MCUXpressoIDE_11.8.1_1197\workspace\CMSISv2p00_LPC17xx\Debug\libCMSISv2p00_LPC17xx.a(lpc17xx_pinsel.o)
 .ARM.attributes
                0x000001c2       0x2d C:\Users\HP\Documents\MCUXpressoIDE_11.8.1_1197\workspace\CMSISv2p00_LPC17xx\Debug\libCMSISv2p00_LPC17xx.a(lpc17xx_timer.o)
 .ARM.attributes
                0x000001ef       0x2d C:\Users\HP\Documents\MCUXpressoIDE_11.8.1_1197\workspace\CMSISv2p00_LPC17xx\Debug\libCMSISv2p00_LPC17xx.a(lpc17xx_uart.o)
 .ARM.attributes
                0x0000021c       0x2d c:/nxp/mcuxpressoide_11.8.1_1197/ide/plugins/com.nxp.mcuxpresso.tools.win32_11.8.1.202308071233/tools/bin/../lib/gcc/arm-none-eabi/12.2.1/../../../../arm-none-eabi/lib/thumb/v7-m/nofp\libcr_c.a(__weak__main.o)
 .ARM.attributes
                0x00000249       0x2d c:/nxp/mcuxpressoide_11.8.1_1197/ide/plugins/com.nxp.mcuxpresso.tools.win32_11.8.1.202308071233/tools/bin/../lib/gcc/arm-none-eabi/12.2.1/../../../../arm-none-eabi/lib/thumb/v7-m/nofp\libcr_c.a(itoa.o)
 .ARM.attributes
                0x00000276       0x1b c:/nxp/mcuxpressoide_11.8.1_1197/ide/plugins/com.nxp.mcuxpresso.tools.win32_11.8.1.202308071233/tools/bin/../lib/gcc/arm-none-eabi/12.2.1/thumb/v7-m/nofp\libcr_eabihelpers.a(division_64.o)
 .ARM.attributes
                0x00000291       0x1b c:/nxp/mcuxpressoide_11.8.1_1197/ide/plugins/com.nxp.mcuxpresso.tools.win32_11.8.1.202308071233/tools/bin/../lib/gcc/arm-none-eabi/12.2.1/thumb/v7-m/nofp\libcr_eabihelpers.a(division_idiv0.o)
 .ARM.attributes
                0x000002ac       0x2d c:/nxp/mcuxpressoide_11.8.1_1197/ide/plugins/com.nxp.mcuxpresso.tools.win32_11.8.1.202308071233/tools/bin/../lib/gcc/arm-none-eabi/12.2.1/thumb/v7-m/nofp\libcr_eabihelpers.a(float.o)

.debug_frame    0x00000000      0xc3c
 .debug_frame   0x00000000      0x264 ./src/TP_FINAL.o
 .debug_frame   0x00000264      0x170 ./src/cr_startup_lpc175x_6x.o
 .debug_frame   0x000003d4       0x38 C:\Users\HP\Documents\MCUXpressoIDE_11.8.1_1197\workspace\CMSISv2p00_LPC17xx\Debug\libCMSISv2p00_LPC17xx.a(system_LPC17xx.o)
 .debug_frame   0x0000040c      0x16c C:\Users\HP\Documents\MCUXpressoIDE_11.8.1_1197\workspace\CMSISv2p00_LPC17xx\Debug\libCMSISv2p00_LPC17xx.a(lpc17xx_adc.o)
 .debug_frame   0x00000578       0xa0 C:\Users\HP\Documents\MCUXpressoIDE_11.8.1_1197\workspace\CMSISv2p00_LPC17xx\Debug\libCMSISv2p00_LPC17xx.a(lpc17xx_clkpwr.o)
 .debug_frame   0x00000618       0x94 C:\Users\HP\Documents\MCUXpressoIDE_11.8.1_1197\workspace\CMSISv2p00_LPC17xx\Debug\libCMSISv2p00_LPC17xx.a(lpc17xx_dac.o)
 .debug_frame   0x000006ac       0x90 C:\Users\HP\Documents\MCUXpressoIDE_11.8.1_1197\workspace\CMSISv2p00_LPC17xx\Debug\libCMSISv2p00_LPC17xx.a(lpc17xx_gpdma.o)
 .debug_frame   0x0000073c       0x20 C:\Users\HP\Documents\MCUXpressoIDE_11.8.1_1197\workspace\CMSISv2p00_LPC17xx\Debug\libCMSISv2p00_LPC17xx.a(lpc17xx_libcfg_default.o)
 .debug_frame   0x0000075c       0x50 C:\Users\HP\Documents\MCUXpressoIDE_11.8.1_1197\workspace\CMSISv2p00_LPC17xx\Debug\libCMSISv2p00_LPC17xx.a(lpc17xx_pinsel.o)
 .debug_frame   0x000007ac      0x17c C:\Users\HP\Documents\MCUXpressoIDE_11.8.1_1197\workspace\CMSISv2p00_LPC17xx\Debug\libCMSISv2p00_LPC17xx.a(lpc17xx_timer.o)
 .debug_frame   0x00000928      0x314 C:\Users\HP\Documents\MCUXpressoIDE_11.8.1_1197\workspace\CMSISv2p00_LPC17xx\Debug\libCMSISv2p00_LPC17xx.a(lpc17xx_uart.o)

.debug_loclists
                0x00000000     0x1d3a
 .debug_loclists
                0x00000000      0x399 C:\Users\HP\Documents\MCUXpressoIDE_11.8.1_1197\workspace\CMSISv2p00_LPC17xx\Debug\libCMSISv2p00_LPC17xx.a(lpc17xx_adc.o)
 .debug_loclists
                0x00000399      0x11e C:\Users\HP\Documents\MCUXpressoIDE_11.8.1_1197\workspace\CMSISv2p00_LPC17xx\Debug\libCMSISv2p00_LPC17xx.a(lpc17xx_clkpwr.o)
 .debug_loclists
                0x000004b7      0x154 C:\Users\HP\Documents\MCUXpressoIDE_11.8.1_1197\workspace\CMSISv2p00_LPC17xx\Debug\libCMSISv2p00_LPC17xx.a(lpc17xx_dac.o)
 .debug_loclists
                0x0000060b      0x116 C:\Users\HP\Documents\MCUXpressoIDE_11.8.1_1197\workspace\CMSISv2p00_LPC17xx\Debug\libCMSISv2p00_LPC17xx.a(lpc17xx_gpdma.o)
 .debug_loclists
                0x00000721       0x22 C:\Users\HP\Documents\MCUXpressoIDE_11.8.1_1197\workspace\CMSISv2p00_LPC17xx\Debug\libCMSISv2p00_LPC17xx.a(lpc17xx_libcfg_default.o)
 .debug_loclists
                0x00000743       0xc2 C:\Users\HP\Documents\MCUXpressoIDE_11.8.1_1197\workspace\CMSISv2p00_LPC17xx\Debug\libCMSISv2p00_LPC17xx.a(lpc17xx_pinsel.o)
 .debug_loclists
                0x00000805      0x4ef C:\Users\HP\Documents\MCUXpressoIDE_11.8.1_1197\workspace\CMSISv2p00_LPC17xx\Debug\libCMSISv2p00_LPC17xx.a(lpc17xx_timer.o)
 .debug_loclists
                0x00000cf4     0x1046 C:\Users\HP\Documents\MCUXpressoIDE_11.8.1_1197\workspace\CMSISv2p00_LPC17xx\Debug\libCMSISv2p00_LPC17xx.a(lpc17xx_uart.o)

Cross Reference Table

Symbol                                            File
ADC_BurstCmd                                      C:\Users\HP\Documents\MCUXpressoIDE_11.8.1_1197\workspace\CMSISv2p00_LPC17xx\Debug\libCMSISv2p00_LPC17xx.a(lpc17xx_adc.o)
ADC_ChannelCmd                                    C:\Users\HP\Documents\MCUXpressoIDE_11.8.1_1197\workspace\CMSISv2p00_LPC17xx\Debug\libCMSISv2p00_LPC17xx.a(lpc17xx_adc.o)
                                                  ./src/TP_FINAL.o
ADC_ChannelGetData                                C:\Users\HP\Documents\MCUXpressoIDE_11.8.1_1197\workspace\CMSISv2p00_LPC17xx\Debug\libCMSISv2p00_LPC17xx.a(lpc17xx_adc.o)
                                                  ./src/TP_FINAL.o
ADC_ChannelGetStatus                              C:\Users\HP\Documents\MCUXpressoIDE_11.8.1_1197\workspace\CMSISv2p00_LPC17xx\Debug\libCMSISv2p00_LPC17xx.a(lpc17xx_adc.o)
ADC_DeInit                                        C:\Users\HP\Documents\MCUXpressoIDE_11.8.1_1197\workspace\CMSISv2p00_LPC17xx\Debug\libCMSISv2p00_LPC17xx.a(lpc17xx_adc.o)
ADC_EdgeStartConfig                               C:\Users\HP\Documents\MCUXpressoIDE_11.8.1_1197\workspace\CMSISv2p00_LPC17xx\Debug\libCMSISv2p00_LPC17xx.a(lpc17xx_adc.o)
                                                  ./src/TP_FINAL.o
ADC_GetData                                       C:\Users\HP\Documents\MCUXpressoIDE_11.8.1_1197\workspace\CMSISv2p00_LPC17xx\Debug\libCMSISv2p00_LPC17xx.a(lpc17xx_adc.o)
ADC_GlobalGetData                                 C:\Users\HP\Documents\MCUXpressoIDE_11.8.1_1197\workspace\CMSISv2p00_LPC17xx\Debug\libCMSISv2p00_LPC17xx.a(lpc17xx_adc.o)
ADC_GlobalGetStatus                               C:\Users\HP\Documents\MCUXpressoIDE_11.8.1_1197\workspace\CMSISv2p00_LPC17xx\Debug\libCMSISv2p00_LPC17xx.a(lpc17xx_adc.o)
ADC_IRQHandler                                    ./src/cr_startup_lpc175x_6x.o
ADC_Init                                          C:\Users\HP\Documents\MCUXpressoIDE_11.8.1_1197\workspace\CMSISv2p00_LPC17xx\Debug\libCMSISv2p00_LPC17xx.a(lpc17xx_adc.o)
                                                  ./src/TP_FINAL.o
ADC_IntConfig                                     C:\Users\HP\Documents\MCUXpressoIDE_11.8.1_1197\workspace\CMSISv2p00_LPC17xx\Debug\libCMSISv2p00_LPC17xx.a(lpc17xx_adc.o)
ADC_PowerdownCmd                                  C:\Users\HP\Documents\MCUXpressoIDE_11.8.1_1197\workspace\CMSISv2p00_LPC17xx\Debug\libCMSISv2p00_LPC17xx.a(lpc17xx_adc.o)
ADC_StartCmd                                      C:\Users\HP\Documents\MCUXpressoIDE_11.8.1_1197\workspace\CMSISv2p00_LPC17xx\Debug\libCMSISv2p00_LPC17xx.a(lpc17xx_adc.o)
                                                  ./src/TP_FINAL.o
BOD_IRQHandler                                    ./src/cr_startup_lpc175x_6x.o
BusFault_Handler                                  ./src/cr_startup_lpc175x_6x.o
CANActivity_IRQHandler                            ./src/cr_startup_lpc175x_6x.o
CAN_IRQHandler                                    ./src/cr_startup_lpc175x_6x.o
CLKPWR_ConfigPPWR                                 C:\Users\HP\Documents\MCUXpressoIDE_11.8.1_1197\workspace\CMSISv2p00_LPC17xx\Debug\libCMSISv2p00_LPC17xx.a(lpc17xx_clkpwr.o)
                                                  C:\Users\HP\Documents\MCUXpressoIDE_11.8.1_1197\workspace\CMSISv2p00_LPC17xx\Debug\libCMSISv2p00_LPC17xx.a(lpc17xx_uart.o)
                                                  C:\Users\HP\Documents\MCUXpressoIDE_11.8.1_1197\workspace\CMSISv2p00_LPC17xx\Debug\libCMSISv2p00_LPC17xx.a(lpc17xx_timer.o)
                                                  C:\Users\HP\Documents\MCUXpressoIDE_11.8.1_1197\workspace\CMSISv2p00_LPC17xx\Debug\libCMSISv2p00_LPC17xx.a(lpc17xx_gpdma.o)
                                                  C:\Users\HP\Documents\MCUXpressoIDE_11.8.1_1197\workspace\CMSISv2p00_LPC17xx\Debug\libCMSISv2p00_LPC17xx.a(lpc17xx_adc.o)
CLKPWR_DeepPowerDown                              C:\Users\HP\Documents\MCUXpressoIDE_11.8.1_1197\workspace\CMSISv2p00_LPC17xx\Debug\libCMSISv2p00_LPC17xx.a(lpc17xx_clkpwr.o)
CLKPWR_DeepSleep                                  C:\Users\HP\Documents\MCUXpressoIDE_11.8.1_1197\workspace\CMSISv2p00_LPC17xx\Debug\libCMSISv2p00_LPC17xx.a(lpc17xx_clkpwr.o)
CLKPWR_GetPCLK                                    C:\Users\HP\Documents\MCUXpressoIDE_11.8.1_1197\workspace\CMSISv2p00_LPC17xx\Debug\libCMSISv2p00_LPC17xx.a(lpc17xx_clkpwr.o)
                                                  C:\Users\HP\Documents\MCUXpressoIDE_11.8.1_1197\workspace\CMSISv2p00_LPC17xx\Debug\libCMSISv2p00_LPC17xx.a(lpc17xx_uart.o)
                                                  C:\Users\HP\Documents\MCUXpressoIDE_11.8.1_1197\workspace\CMSISv2p00_LPC17xx\Debug\libCMSISv2p00_LPC17xx.a(lpc17xx_timer.o)
                                                  C:\Users\HP\Documents\MCUXpressoIDE_11.8.1_1197\workspace\CMSISv2p00_LPC17xx\Debug\libCMSISv2p00_LPC17xx.a(lpc17xx_adc.o)
CLKPWR_GetPCLKSEL                                 C:\Users\HP\Documents\MCUXpressoIDE_11.8.1_1197\workspace\CMSISv2p00_LPC17xx\Debug\libCMSISv2p00_LPC17xx.a(lpc17xx_clkpwr.o)
CLKPWR_PowerDown                                  C:\Users\HP\Documents\MCUXpressoIDE_11.8.1_1197\workspace\CMSISv2p00_LPC17xx\Debug\libCMSISv2p00_LPC17xx.a(lpc17xx_clkpwr.o)
CLKPWR_SetPCLKDiv                                 C:\Users\HP\Documents\MCUXpressoIDE_11.8.1_1197\workspace\CMSISv2p00_LPC17xx\Debug\libCMSISv2p00_LPC17xx.a(lpc17xx_clkpwr.o)
                                                  C:\Users\HP\Documents\MCUXpressoIDE_11.8.1_1197\workspace\CMSISv2p00_LPC17xx\Debug\libCMSISv2p00_LPC17xx.a(lpc17xx_timer.o)
CLKPWR_Sleep                                      C:\Users\HP\Documents\MCUXpressoIDE_11.8.1_1197\workspace\CMSISv2p00_LPC17xx\Debug\libCMSISv2p00_LPC17xx.a(lpc17xx_clkpwr.o)
CRP_WORD                                          ./src/crp.o
DAC_ConfigDAConverterControl                      C:\Users\HP\Documents\MCUXpressoIDE_11.8.1_1197\workspace\CMSISv2p00_LPC17xx\Debug\libCMSISv2p00_LPC17xx.a(lpc17xx_dac.o)
                                                  ./src/TP_FINAL.o
DAC_Init                                          C:\Users\HP\Documents\MCUXpressoIDE_11.8.1_1197\workspace\CMSISv2p00_LPC17xx\Debug\libCMSISv2p00_LPC17xx.a(lpc17xx_dac.o)
                                                  ./src/TP_FINAL.o
DAC_SetBias                                       C:\Users\HP\Documents\MCUXpressoIDE_11.8.1_1197\workspace\CMSISv2p00_LPC17xx\Debug\libCMSISv2p00_LPC17xx.a(lpc17xx_dac.o)
DAC_SetDMATimeOut                                 C:\Users\HP\Documents\MCUXpressoIDE_11.8.1_1197\workspace\CMSISv2p00_LPC17xx\Debug\libCMSISv2p00_LPC17xx.a(lpc17xx_dac.o)
                                                  ./src/TP_FINAL.o
DAC_UpdateValue                                   C:\Users\HP\Documents\MCUXpressoIDE_11.8.1_1197\workspace\CMSISv2p00_LPC17xx\Debug\libCMSISv2p00_LPC17xx.a(lpc17xx_dac.o)
DMA_IRQHandler                                    ./src/cr_startup_lpc175x_6x.o
DebugMon_Handler                                  ./src/cr_startup_lpc175x_6x.o
EINT0_IRQHandler                                  ./src/cr_startup_lpc175x_6x.o
EINT1_IRQHandler                                  ./src/cr_startup_lpc175x_6x.o
EINT2_IRQHandler                                  ./src/cr_startup_lpc175x_6x.o
EINT3_IRQHandler                                  ./src/cr_startup_lpc175x_6x.o
ENET_IRQHandler                                   ./src/cr_startup_lpc175x_6x.o
GPDMACfg                                          ./src/TP_FINAL.o
GPDMA_ChannelCmd                                  C:\Users\HP\Documents\MCUXpressoIDE_11.8.1_1197\workspace\CMSISv2p00_LPC17xx\Debug\libCMSISv2p00_LPC17xx.a(lpc17xx_gpdma.o)
                                                  ./src/TP_FINAL.o
GPDMA_ClearIntPending                             C:\Users\HP\Documents\MCUXpressoIDE_11.8.1_1197\workspace\CMSISv2p00_LPC17xx\Debug\libCMSISv2p00_LPC17xx.a(lpc17xx_gpdma.o)
GPDMA_Init                                        C:\Users\HP\Documents\MCUXpressoIDE_11.8.1_1197\workspace\CMSISv2p00_LPC17xx\Debug\libCMSISv2p00_LPC17xx.a(lpc17xx_gpdma.o)
                                                  ./src/TP_FINAL.o
GPDMA_IntGetStatus                                C:\Users\HP\Documents\MCUXpressoIDE_11.8.1_1197\workspace\CMSISv2p00_LPC17xx\Debug\libCMSISv2p00_LPC17xx.a(lpc17xx_gpdma.o)
GPDMA_LUTPerAddr                                  C:\Users\HP\Documents\MCUXpressoIDE_11.8.1_1197\workspace\CMSISv2p00_LPC17xx\Debug\libCMSISv2p00_LPC17xx.a(lpc17xx_gpdma.o)
GPDMA_LUTPerBurst                                 C:\Users\HP\Documents\MCUXpressoIDE_11.8.1_1197\workspace\CMSISv2p00_LPC17xx\Debug\libCMSISv2p00_LPC17xx.a(lpc17xx_gpdma.o)
GPDMA_LUTPerWid                                   C:\Users\HP\Documents\MCUXpressoIDE_11.8.1_1197\workspace\CMSISv2p00_LPC17xx\Debug\libCMSISv2p00_LPC17xx.a(lpc17xx_gpdma.o)
GPDMA_Setup                                       C:\Users\HP\Documents\MCUXpressoIDE_11.8.1_1197\workspace\CMSISv2p00_LPC17xx\Debug\libCMSISv2p00_LPC17xx.a(lpc17xx_gpdma.o)
                                                  ./src/TP_FINAL.o
HardFault_Handler                                 ./src/cr_startup_lpc175x_6x.o
I2C0_IRQHandler                                   ./src/cr_startup_lpc175x_6x.o
I2C1_IRQHandler                                   ./src/cr_startup_lpc175x_6x.o
I2C2_IRQHandler                                   ./src/cr_startup_lpc175x_6x.o
I2S_IRQHandler                                    ./src/cr_startup_lpc175x_6x.o
IntDefaultHandler                                 ./src/cr_startup_lpc175x_6x.o
LLI1                                              ./src/TP_FINAL.o
MCPWM_IRQHandler                                  ./src/cr_startup_lpc175x_6x.o
MemManage_Handler                                 ./src/cr_startup_lpc175x_6x.o
NMI_Handler                                       ./src/cr_startup_lpc175x_6x.o
PINSEL_ConfigPin                                  C:\Users\HP\Documents\MCUXpressoIDE_11.8.1_1197\workspace\CMSISv2p00_LPC17xx\Debug\libCMSISv2p00_LPC17xx.a(lpc17xx_pinsel.o)
                                                  ./src/TP_FINAL.o
PINSEL_ConfigTraceFunc                            C:\Users\HP\Documents\MCUXpressoIDE_11.8.1_1197\workspace\CMSISv2p00_LPC17xx\Debug\libCMSISv2p00_LPC17xx.a(lpc17xx_pinsel.o)
PINSEL_SetI2C0Pins                                C:\Users\HP\Documents\MCUXpressoIDE_11.8.1_1197\workspace\CMSISv2p00_LPC17xx\Debug\libCMSISv2p00_LPC17xx.a(lpc17xx_pinsel.o)
PLL0_IRQHandler                                   ./src/cr_startup_lpc175x_6x.o
PLL1_IRQHandler                                   ./src/cr_startup_lpc175x_6x.o
PWM1_IRQHandler                                   ./src/cr_startup_lpc175x_6x.o
PWM_Init                                          ./src/TP_FINAL.o
PendSV_Handler                                    ./src/cr_startup_lpc175x_6x.o
QEI_IRQHandler                                    ./src/cr_startup_lpc175x_6x.o
RIT_IRQHandler                                    ./src/cr_startup_lpc175x_6x.o
RTC_IRQHandler                                    ./src/cr_startup_lpc175x_6x.o
ResetISR                                          ./src/cr_startup_lpc175x_6x.o
SPI_IRQHandler                                    ./src/cr_startup_lpc175x_6x.o
SSP0_IRQHandler                                   ./src/cr_startup_lpc175x_6x.o
SSP1_IRQHandler                                   ./src/cr_startup_lpc175x_6x.o
SVC_Handler                                       ./src/cr_startup_lpc175x_6x.o
SysTick_Handler                                   ./src/TP_FINAL.o
SystemCoreClock                                   C:\Users\HP\Documents\MCUXpressoIDE_11.8.1_1197\workspace\CMSISv2p00_LPC17xx\Debug\libCMSISv2p00_LPC17xx.a(system_LPC17xx.o)
                                                  C:\Users\HP\Documents\MCUXpressoIDE_11.8.1_1197\workspace\CMSISv2p00_LPC17xx\Debug\libCMSISv2p00_LPC17xx.a(lpc17xx_clkpwr.o)
SystemCoreClockUpdate                             C:\Users\HP\Documents\MCUXpressoIDE_11.8.1_1197\workspace\CMSISv2p00_LPC17xx\Debug\libCMSISv2p00_LPC17xx.a(system_LPC17xx.o)
SystemInit                                        C:\Users\HP\Documents\MCUXpressoIDE_11.8.1_1197\workspace\CMSISv2p00_LPC17xx\Debug\libCMSISv2p00_LPC17xx.a(system_LPC17xx.o)
                                                  ./src/cr_startup_lpc175x_6x.o
TIMER0_IRQHandler                                 ./src/cr_startup_lpc175x_6x.o
TIMER1_IRQHandler                                 ./src/cr_startup_lpc175x_6x.o
TIMER2_IRQHandler                                 ./src/cr_startup_lpc175x_6x.o
TIMER3_IRQHandler                                 ./src/cr_startup_lpc175x_6x.o
TIM_ClearIntCapturePending                        C:\Users\HP\Documents\MCUXpressoIDE_11.8.1_1197\workspace\CMSISv2p00_LPC17xx\Debug\libCMSISv2p00_LPC17xx.a(lpc17xx_timer.o)
TIM_ClearIntPending                               C:\Users\HP\Documents\MCUXpressoIDE_11.8.1_1197\workspace\CMSISv2p00_LPC17xx\Debug\libCMSISv2p00_LPC17xx.a(lpc17xx_timer.o)
TIM_Cmd                                           C:\Users\HP\Documents\MCUXpressoIDE_11.8.1_1197\workspace\CMSISv2p00_LPC17xx\Debug\libCMSISv2p00_LPC17xx.a(lpc17xx_timer.o)
                                                  ./src/TP_FINAL.o
TIM_ConfigCapture                                 C:\Users\HP\Documents\MCUXpressoIDE_11.8.1_1197\workspace\CMSISv2p00_LPC17xx\Debug\libCMSISv2p00_LPC17xx.a(lpc17xx_timer.o)
TIM_ConfigMatch                                   C:\Users\HP\Documents\MCUXpressoIDE_11.8.1_1197\workspace\CMSISv2p00_LPC17xx\Debug\libCMSISv2p00_LPC17xx.a(lpc17xx_timer.o)
                                                  ./src/TP_FINAL.o
TIM_ConfigStructInit                              C:\Users\HP\Documents\MCUXpressoIDE_11.8.1_1197\workspace\CMSISv2p00_LPC17xx\Debug\libCMSISv2p00_LPC17xx.a(lpc17xx_timer.o)
TIM_DeInit                                        C:\Users\HP\Documents\MCUXpressoIDE_11.8.1_1197\workspace\CMSISv2p00_LPC17xx\Debug\libCMSISv2p00_LPC17xx.a(lpc17xx_timer.o)
TIM_GetCaptureValue                               C:\Users\HP\Documents\MCUXpressoIDE_11.8.1_1197\workspace\CMSISv2p00_LPC17xx\Debug\libCMSISv2p00_LPC17xx.a(lpc17xx_timer.o)
TIM_GetIntCaptureStatus                           C:\Users\HP\Documents\MCUXpressoIDE_11.8.1_1197\workspace\CMSISv2p00_LPC17xx\Debug\libCMSISv2p00_LPC17xx.a(lpc17xx_timer.o)
TIM_GetIntStatus                                  C:\Users\HP\Documents\MCUXpressoIDE_11.8.1_1197\workspace\CMSISv2p00_LPC17xx\Debug\libCMSISv2p00_LPC17xx.a(lpc17xx_timer.o)
TIM_Init                                          C:\Users\HP\Documents\MCUXpressoIDE_11.8.1_1197\workspace\CMSISv2p00_LPC17xx\Debug\libCMSISv2p00_LPC17xx.a(lpc17xx_timer.o)
                                                  ./src/TP_FINAL.o
TIM_ResetCounter                                  C:\Users\HP\Documents\MCUXpressoIDE_11.8.1_1197\workspace\CMSISv2p00_LPC17xx\Debug\libCMSISv2p00_LPC17xx.a(lpc17xx_timer.o)
TIM_UpdateMatchValue                              C:\Users\HP\Documents\MCUXpressoIDE_11.8.1_1197\workspace\CMSISv2p00_LPC17xx\Debug\libCMSISv2p00_LPC17xx.a(lpc17xx_timer.o)
UART0_IRQHandler                                  ./src/TP_FINAL.o
UART1_IRQHandler                                  ./src/cr_startup_lpc175x_6x.o
UART2_IRQHandler                                  ./src/cr_startup_lpc175x_6x.o
UART3_IRQHandler                                  ./src/cr_startup_lpc175x_6x.o
UART_ABClearIntPending                            C:\Users\HP\Documents\MCUXpressoIDE_11.8.1_1197\workspace\CMSISv2p00_LPC17xx\Debug\libCMSISv2p00_LPC17xx.a(lpc17xx_uart.o)
UART_ABCmd                                        C:\Users\HP\Documents\MCUXpressoIDE_11.8.1_1197\workspace\CMSISv2p00_LPC17xx\Debug\libCMSISv2p00_LPC17xx.a(lpc17xx_uart.o)
UART_CheckBusy                                    C:\Users\HP\Documents\MCUXpressoIDE_11.8.1_1197\workspace\CMSISv2p00_LPC17xx\Debug\libCMSISv2p00_LPC17xx.a(lpc17xx_uart.o)
UART_ConfigStructInit                             C:\Users\HP\Documents\MCUXpressoIDE_11.8.1_1197\workspace\CMSISv2p00_LPC17xx\Debug\libCMSISv2p00_LPC17xx.a(lpc17xx_uart.o)
                                                  ./src/TP_FINAL.o
UART_DeInit                                       C:\Users\HP\Documents\MCUXpressoIDE_11.8.1_1197\workspace\CMSISv2p00_LPC17xx\Debug\libCMSISv2p00_LPC17xx.a(lpc17xx_uart.o)
UART_FIFOConfig                                   C:\Users\HP\Documents\MCUXpressoIDE_11.8.1_1197\workspace\CMSISv2p00_LPC17xx\Debug\libCMSISv2p00_LPC17xx.a(lpc17xx_uart.o)
                                                  ./src/TP_FINAL.o
UART_FIFOConfigStructInit                         C:\Users\HP\Documents\MCUXpressoIDE_11.8.1_1197\workspace\CMSISv2p00_LPC17xx\Debug\libCMSISv2p00_LPC17xx.a(lpc17xx_uart.o)
                                                  ./src/TP_FINAL.o
UART_ForceBreak                                   C:\Users\HP\Documents\MCUXpressoIDE_11.8.1_1197\workspace\CMSISv2p00_LPC17xx\Debug\libCMSISv2p00_LPC17xx.a(lpc17xx_uart.o)
UART_FullModemConfigMode                          C:\Users\HP\Documents\MCUXpressoIDE_11.8.1_1197\workspace\CMSISv2p00_LPC17xx\Debug\libCMSISv2p00_LPC17xx.a(lpc17xx_uart.o)
UART_FullModemForcePinState                       C:\Users\HP\Documents\MCUXpressoIDE_11.8.1_1197\workspace\CMSISv2p00_LPC17xx\Debug\libCMSISv2p00_LPC17xx.a(lpc17xx_uart.o)
UART_FullModemGetStatus                           C:\Users\HP\Documents\MCUXpressoIDE_11.8.1_1197\workspace\CMSISv2p00_LPC17xx\Debug\libCMSISv2p00_LPC17xx.a(lpc17xx_uart.o)
UART_GetIntId                                     C:\Users\HP\Documents\MCUXpressoIDE_11.8.1_1197\workspace\CMSISv2p00_LPC17xx\Debug\libCMSISv2p00_LPC17xx.a(lpc17xx_uart.o)
                                                  ./src/TP_FINAL.o
UART_GetLineStatus                                C:\Users\HP\Documents\MCUXpressoIDE_11.8.1_1197\workspace\CMSISv2p00_LPC17xx\Debug\libCMSISv2p00_LPC17xx.a(lpc17xx_uart.o)
UART_Init                                         C:\Users\HP\Documents\MCUXpressoIDE_11.8.1_1197\workspace\CMSISv2p00_LPC17xx\Debug\libCMSISv2p00_LPC17xx.a(lpc17xx_uart.o)
                                                  ./src/TP_FINAL.o
UART_IntConfig                                    C:\Users\HP\Documents\MCUXpressoIDE_11.8.1_1197\workspace\CMSISv2p00_LPC17xx\Debug\libCMSISv2p00_LPC17xx.a(lpc17xx_uart.o)
                                                  ./src/TP_FINAL.o
UART_IrDACmd                                      C:\Users\HP\Documents\MCUXpressoIDE_11.8.1_1197\workspace\CMSISv2p00_LPC17xx\Debug\libCMSISv2p00_LPC17xx.a(lpc17xx_uart.o)
UART_IrDAInvtInputCmd                             C:\Users\HP\Documents\MCUXpressoIDE_11.8.1_1197\workspace\CMSISv2p00_LPC17xx\Debug\libCMSISv2p00_LPC17xx.a(lpc17xx_uart.o)
UART_IrDAPulseDivConfig                           C:\Users\HP\Documents\MCUXpressoIDE_11.8.1_1197\workspace\CMSISv2p00_LPC17xx\Debug\libCMSISv2p00_LPC17xx.a(lpc17xx_uart.o)
UART_RS485Config                                  C:\Users\HP\Documents\MCUXpressoIDE_11.8.1_1197\workspace\CMSISv2p00_LPC17xx\Debug\libCMSISv2p00_LPC17xx.a(lpc17xx_uart.o)
UART_RS485ReceiverCmd                             C:\Users\HP\Documents\MCUXpressoIDE_11.8.1_1197\workspace\CMSISv2p00_LPC17xx\Debug\libCMSISv2p00_LPC17xx.a(lpc17xx_uart.o)
UART_RS485Send                                    C:\Users\HP\Documents\MCUXpressoIDE_11.8.1_1197\workspace\CMSISv2p00_LPC17xx\Debug\libCMSISv2p00_LPC17xx.a(lpc17xx_uart.o)
UART_RS485SendData                                C:\Users\HP\Documents\MCUXpressoIDE_11.8.1_1197\workspace\CMSISv2p00_LPC17xx\Debug\libCMSISv2p00_LPC17xx.a(lpc17xx_uart.o)
UART_RS485SendSlvAddr                             C:\Users\HP\Documents\MCUXpressoIDE_11.8.1_1197\workspace\CMSISv2p00_LPC17xx\Debug\libCMSISv2p00_LPC17xx.a(lpc17xx_uart.o)
UART_Receive                                      C:\Users\HP\Documents\MCUXpressoIDE_11.8.1_1197\workspace\CMSISv2p00_LPC17xx\Debug\libCMSISv2p00_LPC17xx.a(lpc17xx_uart.o)
UART_ReceiveByte                                  C:\Users\HP\Documents\MCUXpressoIDE_11.8.1_1197\workspace\CMSISv2p00_LPC17xx\Debug\libCMSISv2p00_LPC17xx.a(lpc17xx_uart.o)
                                                  ./src/TP_FINAL.o
UART_Send                                         C:\Users\HP\Documents\MCUXpressoIDE_11.8.1_1197\workspace\CMSISv2p00_LPC17xx\Debug\libCMSISv2p00_LPC17xx.a(lpc17xx_uart.o)
                                                  ./src/TP_FINAL.o
UART_SendByte                                     C:\Users\HP\Documents\MCUXpressoIDE_11.8.1_1197\workspace\CMSISv2p00_LPC17xx\Debug\libCMSISv2p00_LPC17xx.a(lpc17xx_uart.o)
UART_TxCmd                                        C:\Users\HP\Documents\MCUXpressoIDE_11.8.1_1197\workspace\CMSISv2p00_LPC17xx\Debug\libCMSISv2p00_LPC17xx.a(lpc17xx_uart.o)
                                                  ./src/TP_FINAL.o
USBActivity_IRQHandler                            ./src/cr_startup_lpc175x_6x.o
USB_IRQHandler                                    ./src/cr_startup_lpc175x_6x.o
UsageFault_Handler                                ./src/cr_startup_lpc175x_6x.o
WDT_IRQHandler                                    ./src/cr_startup_lpc175x_6x.o
__aeabi_cfcmpeq                                   c:/nxp/mcuxpressoide_11.8.1_1197/ide/plugins/com.nxp.mcuxpresso.tools.win32_11.8.1.202308071233/tools/bin/../lib/gcc/arm-none-eabi/12.2.1/thumb/v7-m/nofp\libcr_eabihelpers.a(float.o)
__aeabi_cfcmple                                   c:/nxp/mcuxpressoide_11.8.1_1197/ide/plugins/com.nxp.mcuxpresso.tools.win32_11.8.1.202308071233/tools/bin/../lib/gcc/arm-none-eabi/12.2.1/thumb/v7-m/nofp\libcr_eabihelpers.a(float.o)
__aeabi_cfrcmple                                  c:/nxp/mcuxpressoide_11.8.1_1197/ide/plugins/com.nxp.mcuxpresso.tools.win32_11.8.1.202308071233/tools/bin/../lib/gcc/arm-none-eabi/12.2.1/thumb/v7-m/nofp\libcr_eabihelpers.a(float.o)
__aeabi_f2d                                       c:/nxp/mcuxpressoide_11.8.1_1197/ide/plugins/com.nxp.mcuxpresso.tools.win32_11.8.1.202308071233/tools/bin/../lib/gcc/arm-none-eabi/12.2.1/thumb/v7-m/nofp\libcr_eabihelpers.a(float.o)
__aeabi_f2iz                                      c:/nxp/mcuxpressoide_11.8.1_1197/ide/plugins/com.nxp.mcuxpresso.tools.win32_11.8.1.202308071233/tools/bin/../lib/gcc/arm-none-eabi/12.2.1/thumb/v7-m/nofp\libcr_eabihelpers.a(float.o)
__aeabi_f2lz                                      c:/nxp/mcuxpressoide_11.8.1_1197/ide/plugins/com.nxp.mcuxpresso.tools.win32_11.8.1.202308071233/tools/bin/../lib/gcc/arm-none-eabi/12.2.1/thumb/v7-m/nofp\libcr_eabihelpers.a(float.o)
__aeabi_f2uiz                                     c:/nxp/mcuxpressoide_11.8.1_1197/ide/plugins/com.nxp.mcuxpresso.tools.win32_11.8.1.202308071233/tools/bin/../lib/gcc/arm-none-eabi/12.2.1/thumb/v7-m/nofp\libcr_eabihelpers.a(float.o)
                                                  ./src/TP_FINAL.o
__aeabi_f2ulz                                     c:/nxp/mcuxpressoide_11.8.1_1197/ide/plugins/com.nxp.mcuxpresso.tools.win32_11.8.1.202308071233/tools/bin/../lib/gcc/arm-none-eabi/12.2.1/thumb/v7-m/nofp\libcr_eabihelpers.a(float.o)
__aeabi_fadd                                      c:/nxp/mcuxpressoide_11.8.1_1197/ide/plugins/com.nxp.mcuxpresso.tools.win32_11.8.1.202308071233/tools/bin/../lib/gcc/arm-none-eabi/12.2.1/thumb/v7-m/nofp\libcr_eabihelpers.a(float.o)
__aeabi_fcmpeq                                    c:/nxp/mcuxpressoide_11.8.1_1197/ide/plugins/com.nxp.mcuxpresso.tools.win32_11.8.1.202308071233/tools/bin/../lib/gcc/arm-none-eabi/12.2.1/thumb/v7-m/nofp\libcr_eabihelpers.a(float.o)
__aeabi_fcmpge                                    c:/nxp/mcuxpressoide_11.8.1_1197/ide/plugins/com.nxp.mcuxpresso.tools.win32_11.8.1.202308071233/tools/bin/../lib/gcc/arm-none-eabi/12.2.1/thumb/v7-m/nofp\libcr_eabihelpers.a(float.o)
__aeabi_fcmpgt                                    c:/nxp/mcuxpressoide_11.8.1_1197/ide/plugins/com.nxp.mcuxpresso.tools.win32_11.8.1.202308071233/tools/bin/../lib/gcc/arm-none-eabi/12.2.1/thumb/v7-m/nofp\libcr_eabihelpers.a(float.o)
__aeabi_fcmple                                    c:/nxp/mcuxpressoide_11.8.1_1197/ide/plugins/com.nxp.mcuxpresso.tools.win32_11.8.1.202308071233/tools/bin/../lib/gcc/arm-none-eabi/12.2.1/thumb/v7-m/nofp\libcr_eabihelpers.a(float.o)
__aeabi_fcmplt                                    c:/nxp/mcuxpressoide_11.8.1_1197/ide/plugins/com.nxp.mcuxpresso.tools.win32_11.8.1.202308071233/tools/bin/../lib/gcc/arm-none-eabi/12.2.1/thumb/v7-m/nofp\libcr_eabihelpers.a(float.o)
__aeabi_fcmpun                                    c:/nxp/mcuxpressoide_11.8.1_1197/ide/plugins/com.nxp.mcuxpresso.tools.win32_11.8.1.202308071233/tools/bin/../lib/gcc/arm-none-eabi/12.2.1/thumb/v7-m/nofp\libcr_eabihelpers.a(float.o)
__aeabi_fdiv                                      c:/nxp/mcuxpressoide_11.8.1_1197/ide/plugins/com.nxp.mcuxpresso.tools.win32_11.8.1.202308071233/tools/bin/../lib/gcc/arm-none-eabi/12.2.1/thumb/v7-m/nofp\libcr_eabihelpers.a(float.o)
                                                  ./src/TP_FINAL.o
__aeabi_fmul                                      c:/nxp/mcuxpressoide_11.8.1_1197/ide/plugins/com.nxp.mcuxpresso.tools.win32_11.8.1.202308071233/tools/bin/../lib/gcc/arm-none-eabi/12.2.1/thumb/v7-m/nofp\libcr_eabihelpers.a(float.o)
                                                  ./src/TP_FINAL.o
__aeabi_fneg                                      c:/nxp/mcuxpressoide_11.8.1_1197/ide/plugins/com.nxp.mcuxpresso.tools.win32_11.8.1.202308071233/tools/bin/../lib/gcc/arm-none-eabi/12.2.1/thumb/v7-m/nofp\libcr_eabihelpers.a(float.o)
__aeabi_frsub                                     c:/nxp/mcuxpressoide_11.8.1_1197/ide/plugins/com.nxp.mcuxpresso.tools.win32_11.8.1.202308071233/tools/bin/../lib/gcc/arm-none-eabi/12.2.1/thumb/v7-m/nofp\libcr_eabihelpers.a(float.o)
__aeabi_fsub                                      c:/nxp/mcuxpressoide_11.8.1_1197/ide/plugins/com.nxp.mcuxpresso.tools.win32_11.8.1.202308071233/tools/bin/../lib/gcc/arm-none-eabi/12.2.1/thumb/v7-m/nofp\libcr_eabihelpers.a(float.o)
__aeabi_i2f                                       c:/nxp/mcuxpressoide_11.8.1_1197/ide/plugins/com.nxp.mcuxpresso.tools.win32_11.8.1.202308071233/tools/bin/../lib/gcc/arm-none-eabi/12.2.1/thumb/v7-m/nofp\libcr_eabihelpers.a(float.o)
__aeabi_idiv0                                     c:/nxp/mcuxpressoide_11.8.1_1197/ide/plugins/com.nxp.mcuxpresso.tools.win32_11.8.1.202308071233/tools/bin/../lib/gcc/arm-none-eabi/12.2.1/thumb/v7-m/nofp\libcr_eabihelpers.a(division_idiv0.o)
                                                  c:/nxp/mcuxpressoide_11.8.1_1197/ide/plugins/com.nxp.mcuxpresso.tools.win32_11.8.1.202308071233/tools/bin/../lib/gcc/arm-none-eabi/12.2.1/thumb/v7-m/nofp\libcr_eabihelpers.a(division_64.o)
__aeabi_l2f                                       c:/nxp/mcuxpressoide_11.8.1_1197/ide/plugins/com.nxp.mcuxpresso.tools.win32_11.8.1.202308071233/tools/bin/../lib/gcc/arm-none-eabi/12.2.1/thumb/v7-m/nofp\libcr_eabihelpers.a(float.o)
__aeabi_ldivmod                                   c:/nxp/mcuxpressoide_11.8.1_1197/ide/plugins/com.nxp.mcuxpresso.tools.win32_11.8.1.202308071233/tools/bin/../lib/gcc/arm-none-eabi/12.2.1/thumb/v7-m/nofp\libcr_eabihelpers.a(division_64.o)
                                                  C:\Users\HP\Documents\MCUXpressoIDE_11.8.1_1197\workspace\CMSISv2p00_LPC17xx\Debug\libCMSISv2p00_LPC17xx.a(system_LPC17xx.o)
__aeabi_ui2f                                      c:/nxp/mcuxpressoide_11.8.1_1197/ide/plugins/com.nxp.mcuxpresso.tools.win32_11.8.1.202308071233/tools/bin/../lib/gcc/arm-none-eabi/12.2.1/thumb/v7-m/nofp\libcr_eabihelpers.a(float.o)
                                                  ./src/TP_FINAL.o
__aeabi_ul2f                                      c:/nxp/mcuxpressoide_11.8.1_1197/ide/plugins/com.nxp.mcuxpresso.tools.win32_11.8.1.202308071233/tools/bin/../lib/gcc/arm-none-eabi/12.2.1/thumb/v7-m/nofp\libcr_eabihelpers.a(float.o)
__aeabi_uldivmod                                  c:/nxp/mcuxpressoide_11.8.1_1197/ide/plugins/com.nxp.mcuxpresso.tools.win32_11.8.1.202308071233/tools/bin/../lib/gcc/arm-none-eabi/12.2.1/thumb/v7-m/nofp\libcr_eabihelpers.a(division_64.o)
                                                  C:\Users\HP\Documents\MCUXpressoIDE_11.8.1_1197\workspace\CMSISv2p00_LPC17xx\Debug\libCMSISv2p00_LPC17xx.a(lpc17xx_timer.o)
                                                  C:\Users\HP\Documents\MCUXpressoIDE_11.8.1_1197\workspace\CMSISv2p00_LPC17xx\Debug\libCMSISv2p00_LPC17xx.a(system_LPC17xx.o)
__bhs_ldivmod1                                    c:/nxp/mcuxpressoide_11.8.1_1197/ide/plugins/com.nxp.mcuxpresso.tools.win32_11.8.1.202308071233/tools/bin/../lib/gcc/arm-none-eabi/12.2.1/thumb/v7-m/nofp\libcr_eabihelpers.a(division_64.o)
__bhs_ui2f                                        c:/nxp/mcuxpressoide_11.8.1_1197/ide/plugins/com.nxp.mcuxpresso.tools.win32_11.8.1.202308071233/tools/bin/../lib/gcc/arm-none-eabi/12.2.1/thumb/v7-m/nofp\libcr_eabihelpers.a(float.o)
__bhs_ul2f                                        c:/nxp/mcuxpressoide_11.8.1_1197/ide/plugins/com.nxp.mcuxpresso.tools.win32_11.8.1.202308071233/tools/bin/../lib/gcc/arm-none-eabi/12.2.1/thumb/v7-m/nofp\libcr_eabihelpers.a(float.o)
__bss_section_table_end                           ./src/cr_startup_lpc175x_6x.o
__data_section_table                              ./src/cr_startup_lpc175x_6x.o
__data_section_table_end                          ./src/cr_startup_lpc175x_6x.o
__main                                            c:/nxp/mcuxpressoide_11.8.1_1197/ide/plugins/com.nxp.mcuxpresso.tools.win32_11.8.1.202308071233/tools/bin/../lib/gcc/arm-none-eabi/12.2.1/../../../../arm-none-eabi/lib/thumb/v7-m/nofp\libcr_c.a(__weak__main.o)
                                                  ./src/cr_startup_lpc175x_6x.o
__valid_user_code_checksum                        ./src/cr_startup_lpc175x_6x.o
__weak_main                                       c:/nxp/mcuxpressoide_11.8.1_1197/ide/plugins/com.nxp.mcuxpresso.tools.win32_11.8.1.202308071233/tools/bin/../lib/gcc/arm-none-eabi/12.2.1/../../../../arm-none-eabi/lib/thumb/v7-m/nofp\libcr_c.a(__weak__main.o)
_vStackTop                                        ./src/cr_startup_lpc175x_6x.o
bss_init                                          ./src/cr_startup_lpc175x_6x.o
cclk                                              ./src/TP_FINAL.o
check_failed                                      C:\Users\HP\Documents\MCUXpressoIDE_11.8.1_1197\workspace\CMSISv2p00_LPC17xx\Debug\libCMSISv2p00_LPC17xx.a(lpc17xx_libcfg_default.o)
                                                  C:\Users\HP\Documents\MCUXpressoIDE_11.8.1_1197\workspace\CMSISv2p00_LPC17xx\Debug\libCMSISv2p00_LPC17xx.a(lpc17xx_uart.o)
                                                  C:\Users\HP\Documents\MCUXpressoIDE_11.8.1_1197\workspace\CMSISv2p00_LPC17xx\Debug\libCMSISv2p00_LPC17xx.a(lpc17xx_timer.o)
                                                  C:\Users\HP\Documents\MCUXpressoIDE_11.8.1_1197\workspace\CMSISv2p00_LPC17xx\Debug\libCMSISv2p00_LPC17xx.a(lpc17xx_gpdma.o)
                                                  C:\Users\HP\Documents\MCUXpressoIDE_11.8.1_1197\workspace\CMSISv2p00_LPC17xx\Debug\libCMSISv2p00_LPC17xx.a(lpc17xx_dac.o)
                                                  C:\Users\HP\Documents\MCUXpressoIDE_11.8.1_1197\workspace\CMSISv2p00_LPC17xx\Debug\libCMSISv2p00_LPC17xx.a(lpc17xx_adc.o)
command                                           ./src/TP_FINAL.o
configADC                                         ./src/TP_FINAL.o
configDAC                                         ./src/TP_FINAL.o
configDMA                                         ./src/TP_FINAL.o
configSensor                                      ./src/TP_FINAL.o
configSysTick                                     ./src/TP_FINAL.o
configTimer                                       ./src/TP_FINAL.o
configUART                                        ./src/TP_FINAL.o
correccion                                        ./src/TP_FINAL.o
data_init                                         ./src/cr_startup_lpc175x_6x.o
dirFlag                                           ./src/TP_FINAL.o
distLineaRectaCm                                  ./src/TP_FINAL.o
distLineaRectaCmArray                             ./src/TP_FINAL.o
distanciaCm                                       ./src/TP_FINAL.o
distanciaDac                                      ./src/TP_FINAL.o
g_pfnVectors                                      ./src/cr_startup_lpc175x_6x.o
itoa                                              c:/nxp/mcuxpressoide_11.8.1_1197/ide/plugins/com.nxp.mcuxpresso.tools.win32_11.8.1.202308071233/tools/bin/../lib/gcc/arm-none-eabi/12.2.1/../../../../arm-none-eabi/lib/thumb/v7-m/nofp\libcr_c.a(itoa.o)
main                                              ./src/TP_FINAL.o
                                                  c:/nxp/mcuxpressoide_11.8.1_1197/ide/plugins/com.nxp.mcuxpresso.tools.win32_11.8.1.202308071233/tools/bin/../lib/gcc/arm-none-eabi/12.2.1/../../../../arm-none-eabi/lib/thumb/v7-m/nofp\libcr_c.a(__weak__main.o)
measureEchoPulse                                  ./src/TP_FINAL.o
medirDistancia                                    ./src/TP_FINAL.o
muestras                                          ./src/TP_FINAL.o
muestrasEnt                                       ./src/TP_FINAL.o
on                                                ./src/TP_FINAL.o
pGPDMACh                                          C:\Users\HP\Documents\MCUXpressoIDE_11.8.1_1197\workspace\CMSISv2p00_LPC17xx\Debug\libCMSISv2p00_LPC17xx.a(lpc17xx_gpdma.o)
posicion                                          ./src/TP_FINAL.o
radarSamples                                      ./src/TP_FINAL.o
sendTriggerPulse                                  ./src/TP_FINAL.o
send_data                                         ./src/TP_FINAL.o
setPWM                                            ./src/TP_FINAL.o
tiempo                                            ./src/TP_FINAL.o
uitoa                                             c:/nxp/mcuxpressoide_11.8.1_1197/ide/plugins/com.nxp.mcuxpresso.tools.win32_11.8.1.202308071233/tools/bin/../lib/gcc/arm-none-eabi/12.2.1/../../../../arm-none-eabi/lib/thumb/v7-m/nofp\libcr_c.a(itoa.o)
                                                  ./src/TP_FINAL.o
valor                                             ./src/TP_FINAL.o
