C:\Users\HP\Documents\MCUXpressoIDE_11.8.1_1197\workspace\CMSISv2p00_LPC17xx\inc/core_cm3.h:928:22:NVIC_EnableIRQ	16	static
../src/TP_FINAL.c:77:5:main	8	static
../src/TP_FINAL.c:100:6:PWM_Init	4	static
../src/TP_FINAL.c:119:6:configDAC	24	static
../src/TP_FINAL.c:140:6:configSensor	4	static
../src/TP_FINAL.c:146:6:configSysTick	4	static
../src/TP_FINAL.c:153:6:configDMA	8	static
../src/TP_FINAL.c:180:6:configTimer	32	static
../src/TP_FINAL.c:197:6:configADC	16	static
../src/TP_FINAL.c:214:6:configUART	32	static
../src/TP_FINAL.c:252:6:setPWM	16	static
../src/TP_FINAL.c:258:6:sendTriggerPulse	16	static
../src/TP_FINAL.c:266:10:measureEchoPulse	16	static
../src/TP_FINAL.c:279:6:medirDistancia	16	static
../src/TP_FINAL.c:306:6:send_data	16	static
../src/TP_FINAL.c:325:6:SysTick_Handler	16	static
../src/TP_FINAL.c:352:6:UART0_IRQHandler	24	static
